Archive member included to satisfy reference by file (symbol)

d:/study app/stm32cubeide_1.7.0/stm32cubeide/plugins/com.st.stm32cube.ide.mcu.externaltools.gnu-tools-for-stm32.9-2020-q2-update.win32_2.0.0.202105311346/tools/bin/../lib/gcc/arm-none-eabi/9.3.1/../../../../arm-none-eabi/lib/thumb/v7-m/nofp\libc_nano.a(lib_a-errno.o)
                              ./Core/Src/syscalls.o (__errno)
d:/study app/stm32cubeide_1.7.0/stm32cubeide/plugins/com.st.stm32cube.ide.mcu.externaltools.gnu-tools-for-stm32.9-2020-q2-update.win32_2.0.0.202105311346/tools/bin/../lib/gcc/arm-none-eabi/9.3.1/../../../../arm-none-eabi/lib/thumb/v7-m/nofp\libc_nano.a(lib_a-exit.o)
                              d:/study app/stm32cubeide_1.7.0/stm32cubeide/plugins/com.st.stm32cube.ide.mcu.externaltools.gnu-tools-for-stm32.9-2020-q2-update.win32_2.0.0.202105311346/tools/bin/../lib/gcc/arm-none-eabi/9.3.1/../../../../arm-none-eabi/lib/thumb/v7-m/nofp/crt0.o (exit)
d:/study app/stm32cubeide_1.7.0/stm32cubeide/plugins/com.st.stm32cube.ide.mcu.externaltools.gnu-tools-for-stm32.9-2020-q2-update.win32_2.0.0.202105311346/tools/bin/../lib/gcc/arm-none-eabi/9.3.1/../../../../arm-none-eabi/lib/thumb/v7-m/nofp\libc_nano.a(lib_a-impure.o)
                              d:/study app/stm32cubeide_1.7.0/stm32cubeide/plugins/com.st.stm32cube.ide.mcu.externaltools.gnu-tools-for-stm32.9-2020-q2-update.win32_2.0.0.202105311346/tools/bin/../lib/gcc/arm-none-eabi/9.3.1/../../../../arm-none-eabi/lib/thumb/v7-m/nofp\libc_nano.a(lib_a-exit.o) (_global_impure_ptr)
d:/study app/stm32cubeide_1.7.0/stm32cubeide/plugins/com.st.stm32cube.ide.mcu.externaltools.gnu-tools-for-stm32.9-2020-q2-update.win32_2.0.0.202105311346/tools/bin/../lib/gcc/arm-none-eabi/9.3.1/../../../../arm-none-eabi/lib/thumb/v7-m/nofp\libc_nano.a(lib_a-init.o)
                              d:/study app/stm32cubeide_1.7.0/stm32cubeide/plugins/com.st.stm32cube.ide.mcu.externaltools.gnu-tools-for-stm32.9-2020-q2-update.win32_2.0.0.202105311346/tools/bin/../lib/gcc/arm-none-eabi/9.3.1/../../../../arm-none-eabi/lib/thumb/v7-m/nofp/crt0.o (__libc_init_array)
d:/study app/stm32cubeide_1.7.0/stm32cubeide/plugins/com.st.stm32cube.ide.mcu.externaltools.gnu-tools-for-stm32.9-2020-q2-update.win32_2.0.0.202105311346/tools/bin/../lib/gcc/arm-none-eabi/9.3.1/../../../../arm-none-eabi/lib/thumb/v7-m/nofp\libc_nano.a(lib_a-memset.o)
                              d:/study app/stm32cubeide_1.7.0/stm32cubeide/plugins/com.st.stm32cube.ide.mcu.externaltools.gnu-tools-for-stm32.9-2020-q2-update.win32_2.0.0.202105311346/tools/bin/../lib/gcc/arm-none-eabi/9.3.1/../../../../arm-none-eabi/lib/thumb/v7-m/nofp/crt0.o (memset)

Allocating common symbols
Common symbol       size              file

uwTick              0x4               ./Drivers/STM32F1xx_HAL_Driver/Src/stm32f1xx_hal.o
pFlash              0x20              ./Drivers/STM32F1xx_HAL_Driver/Src/stm32f1xx_hal_flash.o
htim2               0x48              ./Core/Src/main.o
modify_green_timer  0x4               ./Core/Src/FSM_traffic_light.o
modify_red_timer    0x4               ./Core/Src/FSM_traffic_light.o
modify_yellow_timer
                    0x4               ./Core/Src/FSM_traffic_light.o

Discarded input sections

 .text          0x0000000000000000        0x0 d:/study app/stm32cubeide_1.7.0/stm32cubeide/plugins/com.st.stm32cube.ide.mcu.externaltools.gnu-tools-for-stm32.9-2020-q2-update.win32_2.0.0.202105311346/tools/bin/../lib/gcc/arm-none-eabi/9.3.1/thumb/v7-m/nofp/crti.o
 .data          0x0000000000000000        0x0 d:/study app/stm32cubeide_1.7.0/stm32cubeide/plugins/com.st.stm32cube.ide.mcu.externaltools.gnu-tools-for-stm32.9-2020-q2-update.win32_2.0.0.202105311346/tools/bin/../lib/gcc/arm-none-eabi/9.3.1/thumb/v7-m/nofp/crti.o
 .bss           0x0000000000000000        0x0 d:/study app/stm32cubeide_1.7.0/stm32cubeide/plugins/com.st.stm32cube.ide.mcu.externaltools.gnu-tools-for-stm32.9-2020-q2-update.win32_2.0.0.202105311346/tools/bin/../lib/gcc/arm-none-eabi/9.3.1/thumb/v7-m/nofp/crti.o
 .data          0x0000000000000000        0x4 d:/study app/stm32cubeide_1.7.0/stm32cubeide/plugins/com.st.stm32cube.ide.mcu.externaltools.gnu-tools-for-stm32.9-2020-q2-update.win32_2.0.0.202105311346/tools/bin/../lib/gcc/arm-none-eabi/9.3.1/thumb/v7-m/nofp/crtbegin.o
 .text          0x0000000000000000       0x7c d:/study app/stm32cubeide_1.7.0/stm32cubeide/plugins/com.st.stm32cube.ide.mcu.externaltools.gnu-tools-for-stm32.9-2020-q2-update.win32_2.0.0.202105311346/tools/bin/../lib/gcc/arm-none-eabi/9.3.1/../../../../arm-none-eabi/lib/thumb/v7-m/nofp/crt0.o
 .data          0x0000000000000000        0x0 d:/study app/stm32cubeide_1.7.0/stm32cubeide/plugins/com.st.stm32cube.ide.mcu.externaltools.gnu-tools-for-stm32.9-2020-q2-update.win32_2.0.0.202105311346/tools/bin/../lib/gcc/arm-none-eabi/9.3.1/../../../../arm-none-eabi/lib/thumb/v7-m/nofp/crt0.o
[...]
Memory Configuration

Name             Origin             Length             Attributes
RAM              0x0000000020000000 0x0000000000002800 xrw
FLASH            0x0000000008000000 0x0000000000008000 xr
*default*        0x0000000000000000 0xffffffffffffffff

Linker script and memory map

LOAD d:/study app/stm32cubeide_1.7.0/stm32cubeide/plugins/com.st.stm32cube.ide.mcu.externaltools.gnu-tools-for-stm32.9-2020-q2-update.win32_2.0.0.202105311346/tools/bin/../lib/gcc/arm-none-eabi/9.3.1/thumb/v7-m/nofp/crti.o
LOAD d:/study app/stm32cubeide_1.7.0/stm32cubeide/plugins/com.st.stm32cube.ide.mcu.externaltools.gnu-tools-for-stm32.9-2020-q2-update.win32_2.0.0.202105311346/tools/bin/../lib/gcc/arm-none-eabi/9.3.1/thumb/v7-m/nofp/crtbegin.o
LOAD d:/study app/stm32cubeide_1.7.0/stm32cubeide/plugins/com.st.stm32cube.ide.mcu.externaltools.gnu-tools-for-stm32.9-2020-q2-update.win32_2.0.0.202105311346/tools/bin/../lib/gcc/arm-none-eabi/9.3.1/../../../../arm-none-eabi/lib/thumb/v7-m/nofp/crt0.o
LOAD ./Core/Src/FSM_automatic.o
LOAD ./Core/Src/FSM_display7SEG.o
LOAD ./Core/Src/FSM_traffic_light.o
LOAD ./Core/Src/button.o
LOAD ./Core/Src/display7SEG.o
LOAD ./Core/Src/global.o
LOAD ./Core/Src/main.o
LOAD ./Core/Src/software_timer.o
LOAD ./Core/Src/stm32f1xx_hal_msp.o
LOAD ./Core/Src/stm32f1xx_it.o
LOAD ./Core/Src/syscalls.o
LOAD ./Core/Src/sysmem.o
LOAD ./Core/Src/system_stm32f1xx.o
LOAD ./Core/Src/traffic_light.o
LOAD ./Core/Startup/startup_stm32f103c6ux.o
LOAD ./Drivers/STM32F1xx_HAL_Driver/Src/stm32f1xx_hal.o
LOAD ./Drivers/STM32F1xx_HAL_Driver/Src/stm32f1xx_hal_cortex.o
LOAD ./Drivers/STM32F1xx_HAL_Driver/Src/stm32f1xx_hal_dma.o
LOAD ./Drivers/STM32F1xx_HAL_Driver/Src/stm32f1xx_hal_exti.o
LOAD ./Drivers/STM32F1xx_HAL_Driver/Src/stm32f1xx_hal_flash.o
LOAD ./Drivers/STM32F1xx_HAL_Driver/Src/stm32f1xx_hal_flash_ex.o
LOAD ./Drivers/STM32F1xx_HAL_Driver/Src/stm32f1xx_hal_gpio.o
LOAD ./Drivers/STM32F1xx_HAL_Driver/Src/stm32f1xx_hal_gpio_ex.o
LOAD ./Drivers/STM32F1xx_HAL_Driver/Src/stm32f1xx_hal_pwr.o
LOAD ./Drivers/STM32F1xx_HAL_Driver/Src/stm32f1xx_hal_rcc.o
LOAD ./Drivers/STM32F1xx_HAL_Driver/Src/stm32f1xx_hal_rcc_ex.o
LOAD ./Drivers/STM32F1xx_HAL_Driver/Src/stm32f1xx_hal_tim.o
LOAD ./Drivers/STM32F1xx_HAL_Driver/Src/stm32f1xx_hal_tim_ex.o
START GROUP
LOAD d:/study app/stm32cubeide_1.7.0/stm32cubeide/plugins/com.st.stm32cube.ide.mcu.externaltools.gnu-tools-for-stm32.9-2020-q2-update.win32_2.0.0.202105311346/tools/bin/../lib/gcc/arm-none-eabi/9.3.1/../../../../arm-none-eabi/lib/thumb/v7-m/nofp\libc_nano.a
LOAD d:/study app/stm32cubeide_1.7.0/stm32cubeide/plugins/com.st.stm32cube.ide.mcu.externaltools.gnu-tools-for-stm32.9-2020-q2-update.win32_2.0.0.202105311346/tools/bin/../lib/gcc/arm-none-eabi/9.3.1/../../../../arm-none-eabi/lib/thumb/v7-m/nofp\libm.a
END GROUP
START GROUP
LOAD d:/study app/stm32cubeide_1.7.0/stm32cubeide/plugins/com.st.stm32cube.ide.mcu.externaltools.gnu-tools-for-stm32.9-2020-q2-update.win32_2.0.0.202105311346/tools/bin/../lib/gcc/arm-none-eabi/9.3.1/thumb/v7-m/nofp\libgcc.a
LOAD d:/study app/stm32cubeide_1.7.0/stm32cubeide/plugins/com.st.stm32cube.ide.mcu.externaltools.gnu-tools-for-stm32.9-2020-q2-update.win32_2.0.0.202105311346/tools/bin/../lib/gcc/arm-none-eabi/9.3.1/../../../../arm-none-eabi/lib/thumb/v7-m/nofp\libc_nano.a
END GROUP
START GROUP
LOAD d:/study app/stm32cubeide_1.7.0/stm32cubeide/plugins/com.st.stm32cube.ide.mcu.externaltools.gnu-tools-for-stm32.9-2020-q2-update.win32_2.0.0.202105311346/tools/bin/../lib/gcc/arm-none-eabi/9.3.1/thumb/v7-m/nofp\libgcc.a
LOAD d:/study app/stm32cubeide_1.7.0/stm32cubeide/plugins/com.st.stm32cube.ide.mcu.externaltools.gnu-tools-for-stm32.9-2020-q2-update.win32_2.0.0.202105311346/tools/bin/../lib/gcc/arm-none-eabi/9.3.1/../../../../arm-none-eabi/lib/thumb/v7-m/nofp\libc_nano.a
LOAD d:/study app/stm32cubeide_1.7.0/stm32cubeide/plugins/com.st.stm32cube.ide.mcu.externaltools.gnu-tools-for-stm32.9-2020-q2-update.win32_2.0.0.202105311346/tools/bin/../lib/gcc/arm-none-eabi/9.3.1/../../../../arm-none-eabi/lib/thumb/v7-m/nofp\libnosys.a
END GROUP
START GROUP
LOAD d:/study app/stm32cubeide_1.7.0/stm32cubeide/plugins/com.st.stm32cube.ide.mcu.externaltools.gnu-tools-for-stm32.9-2020-q2-update.win32_2.0.0.202105311346/tools/bin/../lib/gcc/arm-none-eabi/9.3.1/thumb/v7-m/nofp\libgcc.a
LOAD d:/study app/stm32cubeide_1.7.0/stm32cubeide/plugins/com.st.stm32cube.ide.mcu.externaltools.gnu-tools-for-stm32.9-2020-q2-update.win32_2.0.0.202105311346/tools/bin/../lib/gcc/arm-none-eabi/9.3.1/../../../../arm-none-eabi/lib/thumb/v7-m/nofp\libc_nano.a
LOAD d:/study app/stm32cubeide_1.7.0/stm32cubeide/plugins/com.st.stm32cube.ide.mcu.externaltools.gnu-tools-for-stm32.9-2020-q2-update.win32_2.0.0.202105311346/tools/bin/../lib/gcc/arm-none-eabi/9.3.1/../../../../arm-none-eabi/lib/thumb/v7-m/nofp\libnosys.a
END GROUP
LOAD d:/study app/stm32cubeide_1.7.0/stm32cubeide/plugins/com.st.stm32cube.ide.mcu.externaltools.gnu-tools-for-stm32.9-2020-q2-update.win32_2.0.0.202105311346/tools/bin/../lib/gcc/arm-none-eabi/9.3.1/thumb/v7-m/nofp/crtend.o
LOAD d:/study app/stm32cubeide_1.7.0/stm32cubeide/plugins/com.st.stm32cube.ide.mcu.externaltools.gnu-tools-for-stm32.9-2020-q2-update.win32_2.0.0.202105311346/tools/bin/../lib/gcc/arm-none-eabi/9.3.1/thumb/v7-m/nofp/crtn.o
                0x0000000020002800                _estack = (ORIGIN (RAM) + LENGTH (RAM))
                0x0000000000000200                _Min_Heap_Size = 0x200
                0x0000000000000400                _Min_Stack_Size = 0x400

.isr_vector     0x0000000008000000      0x10c
                0x0000000008000000                . = ALIGN (0x4)
 *(.isr_vector)
 .isr_vector    0x0000000008000000      0x10c ./Core/Startup/startup_stm32f103c6ux.o
                0x0000000008000000                g_pfnVectors
                0x000000000800010c                . = ALIGN (0x4)

.text           0x000000000800010c     0x3308
                0x000000000800010c                . = ALIGN (0x4)
 *(.text)
 .text          0x000000000800010c       0x40 d:/study app/stm32cubeide_1.7.0/stm32cubeide/plugins/com.st.stm32cube.ide.mcu.externaltools.gnu-tools-for-stm32.9-2020-q2-update.win32_2.0.0.202105311346/tools/bin/../lib/gcc/arm-none-eabi/9.3.1/thumb/v7-m/nofp/crtbegin.o
 *(.text*)
 .text.FSM_automatic_run_0
                0x000000000800014c      0x290 ./Core/Src/FSM_automatic.o
                0x000000000800014c                FSM_automatic_run_0
 .text.FSM_automatic_run_1
                0x00000000080003dc      0x294 ./Core/Src/FSM_automatic.o
                0x00000000080003dc                FSM_automatic_run_1
 .text.FSM_automatic_run
                0x0000000008000670       0x10 ./Core/Src/FSM_automatic.o
                0x0000000008000670                FSM_automatic_run
 .text.FSM_display7SEG_0
                0x0000000008000680      0x144 ./Core/Src/FSM_display7SEG.o
                0x0000000008000680                FSM_display7SEG_0
 .text.FSM_display7SEG_1
                0x00000000080007c4      0x1c4 ./Core/Src/FSM_display7SEG.o
                0x00000000080007c4                FSM_display7SEG_1
 .text.FSM_TL_control_run
                0x0000000008000988      0x2d0 ./Core/Src/FSM_traffic_light.o
                0x0000000008000988                FSM_TL_control_run
 .text.isButton0Pressed
                0x0000000008000c58       0x24 ./Core/Src/button.o
                0x0000000008000c58                isButton0Pressed
 .text.isButton1Pressed
                0x0000000008000c7c       0x24 ./Core/Src/button.o
                0x0000000008000c7c                isButton1Pressed
 .text.isButton2Pressed
                0x0000000008000ca0       0x24 ./Core/Src/button.o
                0x0000000008000ca0                isButton2Pressed
 .text.isButton0PressednHold
                0x0000000008000cc4       0x24 ./Core/Src/button.o
                0x0000000008000cc4                isButton0PressednHold
 .text.getKeyInput0
                0x0000000008000ce8       0xa8 ./Core/Src/button.o
                0x0000000008000ce8                getKeyInput0
 .text.getKeyInput1
                0x0000000008000d90       0xb0 ./Core/Src/button.o
                0x0000000008000d90                getKeyInput1
 .text.getKeyInput2
                0x0000000008000e40       0xb0 ./Core/Src/button.o
                0x0000000008000e40                getKeyInput2
 .text.display7SEG_0
                0x0000000008000ef0      0x31c ./Core/Src/display7SEG.o
                0x0000000008000ef0                display7SEG_0
 .text.display7SEG_1
                0x000000000800120c      0x394 ./Core/Src/display7SEG.o
                0x000000000800120c                display7SEG_1
 .text.update7SEG_0
                0x00000000080015a0       0x70 ./Core/Src/display7SEG.o
                0x00000000080015a0                update7SEG_0
 .text.update7SEG_1
                0x0000000008001610       0x70 ./Core/Src/display7SEG.o
                0x0000000008001610                update7SEG_1
 .text.main     0x0000000008001680       0x58 ./Core/Src/main.o
                0x0000000008001680                main
 .text.SystemClock_Config
                0x00000000080016d8       0x76 ./Core/Src/main.o
                0x00000000080016d8                SystemClock_Config
 *fill*         0x000000000800174e        0x2 
 .text.MX_TIM2_Init
                0x0000000008001750       0x98 ./Core/Src/main.o
 .text.MX_GPIO_Init
                0x00000000080017e8       0xc4 ./Core/Src/main.o
 .text.HAL_TIM_PeriodElapsedCallback
                0x00000000080018ac       0x20 ./Core/Src/main.o
                0x00000000080018ac                HAL_TIM_PeriodElapsedCallback
 .text.Error_Handler
                0x00000000080018cc        0xa ./Core/Src/main.o
                0x00000000080018cc                Error_Handler
 *fill*         0x00000000080018d6        0x2 
 .text.setTimer
                0x00000000080018d8       0x3c ./Core/Src/software_timer.o
                0x00000000080018d8                setTimer
 .text.subTimerRun
                0x0000000008001914       0x50 ./Core/Src/software_timer.o
                0x0000000008001914                subTimerRun
 .text.timerRun
                0x0000000008001964       0x44 ./Core/Src/software_timer.o
                0x0000000008001964                timerRun
 .text.HAL_MspInit
                0x00000000080019a8       0x64 ./Core/Src/stm32f1xx_hal_msp.o
                0x00000000080019a8                HAL_MspInit
 .text.HAL_TIM_Base_MspInit
                0x0000000008001a0c       0x48 ./Core/Src/stm32f1xx_hal_msp.o
                0x0000000008001a0c                HAL_TIM_Base_MspInit
 .text.NMI_Handler
                0x0000000008001a54        0x6 ./Core/Src/stm32f1xx_it.o
                0x0000000008001a54                NMI_Handler
 .text.HardFault_Handler
                0x0000000008001a5a        0x6 ./Core/Src/stm32f1xx_it.o
                0x0000000008001a5a                HardFault_Handler
 .text.MemManage_Handler
                0x0000000008001a60        0x6 ./Core/Src/stm32f1xx_it.o
                0x0000000008001a60                MemManage_Handler
 .text.BusFault_Handler
                0x0000000008001a66        0x6 ./Core/Src/stm32f1xx_it.o
                0x0000000008001a66                BusFault_Handler
 .text.UsageFault_Handler
                0x0000000008001a6c        0x6 ./Core/Src/stm32f1xx_it.o
                0x0000000008001a6c                UsageFault_Handler
 .text.SVC_Handler
                0x0000000008001a72        0xc ./Core/Src/stm32f1xx_it.o
                0x0000000008001a72                SVC_Handler
 .text.DebugMon_Handler
                0x0000000008001a7e        0xc ./Core/Src/stm32f1xx_it.o
                0x0000000008001a7e                DebugMon_Handler
 .text.PendSV_Handler
                0x0000000008001a8a        0xc ./Core/Src/stm32f1xx_it.o
                0x0000000008001a8a                PendSV_Handler
 .text.SysTick_Handler
                0x0000000008001a96        0xc ./Core/Src/stm32f1xx_it.o
                0x0000000008001a96                SysTick_Handler
 *fill*         0x0000000008001aa2        0x2 
 .text.TIM2_IRQHandler
                0x0000000008001aa4       0x14 ./Core/Src/stm32f1xx_it.o
                0x0000000008001aa4                TIM2_IRQHandler
 .text.SystemInit
                0x0000000008001ab8        0xc ./Core/Src/system_stm32f1xx.o
                0x0000000008001ab8                SystemInit
 .text.setRed_0
                0x0000000008001ac4       0x2c ./Core/Src/traffic_light.o
                0x0000000008001ac4                setRed_0
 .text.setYellow_0
                0x0000000008001af0       0x2c ./Core/Src/traffic_light.o
                0x0000000008001af0                setYellow_0
 .text.setGreen_0
                0x0000000008001b1c       0x2c ./Core/Src/traffic_light.o
                0x0000000008001b1c                setGreen_0
 .text.setRed_1
                0x0000000008001b48       0x30 ./Core/Src/traffic_light.o
                0x0000000008001b48                setRed_1
 .text.setYellow_1
                0x0000000008001b78       0x30 ./Core/Src/traffic_light.o
                0x0000000008001b78                setYellow_1
 .text.setGreen_1
                0x0000000008001ba8       0x30 ./Core/Src/traffic_light.o
                0x0000000008001ba8                setGreen_1
 .text.Modify_RedLed_0
                0x0000000008001bd8       0x2c ./Core/Src/traffic_light.o
                0x0000000008001bd8                Modify_RedLed_0
 .text.Modify_YellowLed_0
                0x0000000008001c04       0x2c ./Core/Src/traffic_light.o
                0x0000000008001c04                Modify_YellowLed_0
 .text.Modify_GreenLed_0
                0x0000000008001c30       0x2c ./Core/Src/traffic_light.o
                0x0000000008001c30                Modify_GreenLed_0
 .text.Modify_RedLed_1
                0x0000000008001c5c       0x30 ./Core/Src/traffic_light.o
                0x0000000008001c5c                Modify_RedLed_1
 .text.Modify_YellowLed_1
                0x0000000008001c8c       0x30 ./Core/Src/traffic_light.o
                0x0000000008001c8c                Modify_YellowLed_1
 .text.Modify_GreenLed_1
                0x0000000008001cbc       0x30 ./Core/Src/traffic_light.o
                0x0000000008001cbc                Modify_GreenLed_1
 .text.reset_All_Led
                0x0000000008001cec       0x50 ./Core/Src/traffic_light.o
                0x0000000008001cec                reset_All_Led
 .text.Reset_Handler
                0x0000000008001d3c       0x48 ./Core/Startup/startup_stm32f103c6ux.o
                0x0000000008001d3c                Reset_Handler
 .text.Default_Handler
                0x0000000008001d84        0x2 ./Core/Startup/startup_stm32f103c6ux.o
                0x0000000008001d84                RTC_Alarm_IRQHandler
                0x0000000008001d84                EXTI2_IRQHandler
                0x0000000008001d84                TIM1_CC_IRQHandler
                0x0000000008001d84                PVD_IRQHandler
                0x0000000008001d84                EXTI3_IRQHandler
                0x0000000008001d84                EXTI0_IRQHandler
                0x0000000008001d84                ADC1_2_IRQHandler
                0x0000000008001d84                SPI1_IRQHandler
                0x0000000008001d84                TAMPER_IRQHandler
                0x0000000008001d84                DMA1_Channel4_IRQHandler
                0x0000000008001d84                RTC_IRQHandler
                0x0000000008001d84                DMA1_Channel7_IRQHandler
                0x0000000008001d84                CAN1_RX1_IRQHandler
                0x0000000008001d84                I2C1_EV_IRQHandler
                0x0000000008001d84                DMA1_Channel6_IRQHandler
                0x0000000008001d84                TIM3_IRQHandler
                0x0000000008001d84                RCC_IRQHandler
                0x0000000008001d84                TIM1_TRG_COM_IRQHandler
                0x0000000008001d84                DMA1_Channel1_IRQHandler
                0x0000000008001d84                Default_Handler
                0x0000000008001d84                EXTI15_10_IRQHandler
                0x0000000008001d84                EXTI9_5_IRQHandler
                0x0000000008001d84                DMA1_Channel5_IRQHandler
                0x0000000008001d84                EXTI4_IRQHandler
                0x0000000008001d84                USB_LP_CAN1_RX0_IRQHandler
                0x0000000008001d84                USB_HP_CAN1_TX_IRQHandler
                0x0000000008001d84                DMA1_Channel3_IRQHandler
                0x0000000008001d84                TIM1_UP_IRQHandler
                0x0000000008001d84                WWDG_IRQHandler
                0x0000000008001d84                TIM1_BRK_IRQHandler
                0x0000000008001d84                EXTI1_IRQHandler
                0x0000000008001d84                USART2_IRQHandler
                0x0000000008001d84                DMA1_Channel2_IRQHandler
                0x0000000008001d84                CAN1_SCE_IRQHandler
                0x0000000008001d84                FLASH_IRQHandler
                0x0000000008001d84                USART1_IRQHandler
                0x0000000008001d84                I2C1_ER_IRQHandler
                0x0000000008001d84                USBWakeUp_IRQHandler
 *fill*         0x0000000008001d86        0x2 
 .text.HAL_Init
                0x0000000008001d88       0x2c ./Drivers/STM32F1xx_HAL_Driver/Src/stm32f1xx_hal.o
                0x0000000008001d88                HAL_Init
 .text.HAL_InitTick
                0x0000000008001db4       0x60 ./Drivers/STM32F1xx_HAL_Driver/Src/stm32f1xx_hal.o
                0x0000000008001db4                HAL_InitTick
 .text.HAL_IncTick
                0x0000000008001e14       0x24 ./Drivers/STM32F1xx_HAL_Driver/Src/stm32f1xx_hal.o
                0x0000000008001e14                HAL_IncTick
 .text.HAL_GetTick
                0x0000000008001e38       0x14 ./Drivers/STM32F1xx_HAL_Driver/Src/stm32f1xx_hal.o
                0x0000000008001e38                HAL_GetTick
 .text.HAL_Delay
                0x0000000008001e4c       0x48 ./Drivers/STM32F1xx_HAL_Driver/Src/stm32f1xx_hal.o
                0x0000000008001e4c                HAL_Delay
 .text.__NVIC_SetPriorityGrouping
                0x0000000008001e94       0x48 ./Drivers/STM32F1xx_HAL_Driver/Src/stm32f1xx_hal_cortex.o
 .text.__NVIC_GetPriorityGrouping
                0x0000000008001edc       0x1c ./Drivers/STM32F1xx_HAL_Driver/Src/stm32f1xx_hal_cortex.o
 .text.__NVIC_EnableIRQ
                0x0000000008001ef8       0x38 ./Drivers/STM32F1xx_HAL_Driver/Src/stm32f1xx_hal_cortex.o
 .text.__NVIC_SetPriority
                0x0000000008001f30       0x54 ./Drivers/STM32F1xx_HAL_Driver/Src/stm32f1xx_hal_cortex.o
 .text.NVIC_EncodePriority
                0x0000000008001f84       0x64 ./Drivers/STM32F1xx_HAL_Driver/Src/stm32f1xx_hal_cortex.o
 .text.SysTick_Config
                0x0000000008001fe8       0x44 ./Drivers/STM32F1xx_HAL_Driver/Src/stm32f1xx_hal_cortex.o
 .text.HAL_NVIC_SetPriorityGrouping
                0x000000000800202c       0x16 ./Drivers/STM32F1xx_HAL_Driver/Src/stm32f1xx_hal_cortex.o
                0x000000000800202c                HAL_NVIC_SetPriorityGrouping
 .text.HAL_NVIC_SetPriority
                0x0000000008002042       0x38 ./Drivers/STM32F1xx_HAL_Driver/Src/stm32f1xx_hal_cortex.o
                0x0000000008002042                HAL_NVIC_SetPriority
 .text.HAL_NVIC_EnableIRQ
                0x000000000800207a       0x1c ./Drivers/STM32F1xx_HAL_Driver/Src/stm32f1xx_hal_cortex.o
                0x000000000800207a                HAL_NVIC_EnableIRQ
 .text.HAL_SYSTICK_Config
                0x0000000008002096       0x18 ./Drivers/STM32F1xx_HAL_Driver/Src/stm32f1xx_hal_cortex.o
                0x0000000008002096                HAL_SYSTICK_Config
 *fill*         0x00000000080020ae        0x2 
 .text.HAL_GPIO_Init
                0x00000000080020b0      0x2f4 ./Drivers/STM32F1xx_HAL_Driver/Src/stm32f1xx_hal_gpio.o
                0x00000000080020b0                HAL_GPIO_Init
 .text.HAL_GPIO_ReadPin
                0x00000000080023a4       0x2e ./Drivers/STM32F1xx_HAL_Driver/Src/stm32f1xx_hal_gpio.o
                0x00000000080023a4                HAL_GPIO_ReadPin
 .text.HAL_GPIO_WritePin
                0x00000000080023d2       0x30 ./Drivers/STM32F1xx_HAL_Driver/Src/stm32f1xx_hal_gpio.o
                0x00000000080023d2                HAL_GPIO_WritePin
 .text.HAL_GPIO_TogglePin
                0x0000000008002402       0x32 ./Drivers/STM32F1xx_HAL_Driver/Src/stm32f1xx_hal_gpio.o
                0x0000000008002402                HAL_GPIO_TogglePin
 .text.HAL_RCC_OscConfig
                0x0000000008002434      0x500 ./Drivers/STM32F1xx_HAL_Driver/Src/stm32f1xx_hal_rcc.o
                0x0000000008002434                HAL_RCC_OscConfig
 .text.HAL_RCC_ClockConfig
                0x0000000008002934      0x1d4 ./Drivers/STM32F1xx_HAL_Driver/Src/stm32f1xx_hal_rcc.o
                0x0000000008002934                HAL_RCC_ClockConfig
 .text.HAL_RCC_GetSysClockFreq
                0x0000000008002b08       0xa8 ./Drivers/STM32F1xx_HAL_Driver/Src/stm32f1xx_hal_rcc.o
                0x0000000008002b08                HAL_RCC_GetSysClockFreq
 .text.RCC_Delay
                0x0000000008002bb0       0x3c ./Drivers/STM32F1xx_HAL_Driver/Src/stm32f1xx_hal_rcc.o
 .text.HAL_TIM_Base_Init
                0x0000000008002bec       0x9e ./Drivers/STM32F1xx_HAL_Driver/Src/stm32f1xx_hal_tim.o
                0x0000000008002bec                HAL_TIM_Base_Init
 *fill*         0x0000000008002c8a        0x2 
 .text.HAL_TIM_Base_Start_IT
                0x0000000008002c8c       0x98 ./Drivers/STM32F1xx_HAL_Driver/Src/stm32f1xx_hal_tim.o
                0x0000000008002c8c                HAL_TIM_Base_Start_IT
 .text.HAL_TIM_IRQHandler
                0x0000000008002d24      0x1e0 ./Drivers/STM32F1xx_HAL_Driver/Src/stm32f1xx_hal_tim.o
                0x0000000008002d24                HAL_TIM_IRQHandler
 .text.HAL_TIM_ConfigClockSource
                0x0000000008002f04      0x18e ./Drivers/STM32F1xx_HAL_Driver/Src/stm32f1xx_hal_tim.o
                0x0000000008002f04                HAL_TIM_ConfigClockSource
 .text.HAL_TIM_OC_DelayElapsedCallback
                0x0000000008003092       0x12 ./Drivers/STM32F1xx_HAL_Driver/Src/stm32f1xx_hal_tim.o
                0x0000000008003092                HAL_TIM_OC_DelayElapsedCallback
 .text.HAL_TIM_IC_CaptureCallback
                0x00000000080030a4       0x12 ./Drivers/STM32F1xx_HAL_Driver/Src/stm32f1xx_hal_tim.o
                0x00000000080030a4                HAL_TIM_IC_CaptureCallback
 .text.HAL_TIM_PWM_PulseFinishedCallback
                0x00000000080030b6       0x12 ./Drivers/STM32F1xx_HAL_Driver/Src/stm32f1xx_hal_tim.o
                0x00000000080030b6                HAL_TIM_PWM_PulseFinishedCallback
 .text.HAL_TIM_TriggerCallback
                0x00000000080030c8       0x12 ./Drivers/STM32F1xx_HAL_Driver/Src/stm32f1xx_hal_tim.o
                0x00000000080030c8                HAL_TIM_TriggerCallback
 *fill*         0x00000000080030da        0x2 
 .text.TIM_Base_SetConfig
                0x00000000080030dc       0xc8 ./Drivers/STM32F1xx_HAL_Driver/Src/stm32f1xx_hal_tim.o
                0x00000000080030dc                TIM_Base_SetConfig
 .text.TIM_TI1_ConfigInputStage
                0x00000000080031a4       0x5c ./Drivers/STM32F1xx_HAL_Driver/Src/stm32f1xx_hal_tim.o
 .text.TIM_TI2_ConfigInputStage
                0x0000000008003200       0x5e ./Drivers/STM32F1xx_HAL_Driver/Src/stm32f1xx_hal_tim.o
 .text.TIM_ITRx_SetConfig
                0x000000000800325e       0x34 ./Drivers/STM32F1xx_HAL_Driver/Src/stm32f1xx_hal_tim.o
 .text.TIM_ETR_SetConfig
                0x0000000008003292       0x3e ./Drivers/STM32F1xx_HAL_Driver/Src/stm32f1xx_hal_tim.o
                0x0000000008003292                TIM_ETR_SetConfig
 .text.HAL_TIMEx_MasterConfigSynchronization
                0x00000000080032d0       0xb0 ./Drivers/STM32F1xx_HAL_Driver/Src/stm32f1xx_hal_tim_ex.o
                0x00000000080032d0                HAL_TIMEx_MasterConfigSynchronization
 .text.HAL_TIMEx_CommutCallback
                0x0000000008003380       0x12 ./Drivers/STM32F1xx_HAL_Driver/Src/stm32f1xx_hal_tim_ex.o
                0x0000000008003380                HAL_TIMEx_CommutCallback
 .text.HAL_TIMEx_BreakCallback
                0x0000000008003392       0x12 ./Drivers/STM32F1xx_HAL_Driver/Src/stm32f1xx_hal_tim_ex.o
                0x0000000008003392                HAL_TIMEx_BreakCallback
 .text.__libc_init_array
                0x00000000080033a4       0x48 d:/study app/stm32cubeide_1.7.0/stm32cubeide/plugins/com.st.stm32cube.ide.mcu.externaltools.gnu-tools-for-stm32.9-2020-q2-update.win32_2.0.0.202105311346/tools/bin/../lib/gcc/arm-none-eabi/9.3.1/../../../../arm-none-eabi/lib/thumb/v7-m/nofp\libc_nano.a(lib_a-init.o)
                0x00000000080033a4                __libc_init_array
 .text.memset   0x00000000080033ec       0x10 d:/study app/stm32cubeide_1.7.0/stm32cubeide/plugins/com.st.stm32cube.ide.mcu.externaltools.gnu-tools-for-stm32.9-2020-q2-update.win32_2.0.0.202105311346/tools/bin/../lib/gcc/arm-none-eabi/9.3.1/../../../../arm-none-eabi/lib/thumb/v7-m/nofp\libc_nano.a(lib_a-memset.o)
                0x00000000080033ec                memset
 *(.glue_7)
 .glue_7        0x00000000080033fc        0x0 linker stubs
 *(.glue_7t)
 .glue_7t       0x00000000080033fc        0x0 linker stubs
 *(.eh_frame)
 .eh_frame      0x00000000080033fc        0x0 d:/study app/stm32cubeide_1.7.0/stm32cubeide/plugins/com.st.stm32cube.ide.mcu.externaltools.gnu-tools-for-stm32.9-2020-q2-update.win32_2.0.0.202105311346/tools/bin/../lib/gcc/arm-none-eabi/9.3.1/thumb/v7-m/nofp/crtbegin.o
 *(.init)
 .init          0x00000000080033fc        0x4 d:/study app/stm32cubeide_1.7.0/stm32cubeide/plugins/com.st.stm32cube.ide.mcu.externaltools.gnu-tools-for-stm32.9-2020-q2-update.win32_2.0.0.202105311346/tools/bin/../lib/gcc/arm-none-eabi/9.3.1/thumb/v7-m/nofp/crti.o
                0x00000000080033fc                _init
 .init          0x0000000008003400        0x8 d:/study app/stm32cubeide_1.7.0/stm32cubeide/plugins/com.st.stm32cube.ide.mcu.externaltools.gnu-tools-for-stm32.9-2020-q2-update.win32_2.0.0.202105311346/tools/bin/../lib/gcc/arm-none-eabi/9.3.1/thumb/v7-m/nofp/crtn.o
 *(.fini)
 .fini          0x0000000008003408        0x4 d:/study app/stm32cubeide_1.7.0/stm32cubeide/plugins/com.st.stm32cube.ide.mcu.externaltools.gnu-tools-for-stm32.9-2020-q2-update.win32_2.0.0.202105311346/tools/bin/../lib/gcc/arm-none-eabi/9.3.1/thumb/v7-m/nofp/crti.o
                0x0000000008003408                _fini
 .fini          0x000000000800340c        0x8 d:/study app/stm32cubeide_1.7.0/stm32cubeide/plugins/com.st.stm32cube.ide.mcu.externaltools.gnu-tools-for-stm32.9-2020-q2-update.win32_2.0.0.202105311346/tools/bin/../lib/gcc/arm-none-eabi/9.3.1/thumb/v7-m/nofp/crtn.o
                0x0000000008003414                . = ALIGN (0x4)
                0x0000000008003414                _etext = .

.vfp11_veneer   0x0000000008003414        0x0
 .vfp11_veneer  0x0000000008003414        0x0 linker stubs

.v4_bx          0x0000000008003414        0x0
 .v4_bx         0x0000000008003414        0x0 linker stubs

.iplt           0x0000000008003414        0x0
 .iplt          0x0000000008003414        0x0 d:/study app/stm32cubeide_1.7.0/stm32cubeide/plugins/com.st.stm32cube.ide.mcu.externaltools.gnu-tools-for-stm32.9-2020-q2-update.win32_2.0.0.202105311346/tools/bin/../lib/gcc/arm-none-eabi/9.3.1/thumb/v7-m/nofp/crtbegin.o

.rodata         0x0000000008003414       0x24
                0x0000000008003414                . = ALIGN (0x4)
 *(.rodata)
 *(.rodata*)
 .rodata.AHBPrescTable
                0x0000000008003414       0x10 ./Core/Src/system_stm32f1xx.o
                0x0000000008003414                AHBPrescTable
 .rodata.aPLLMULFactorTable.6032
                0x0000000008003424       0x10 ./Drivers/STM32F1xx_HAL_Driver/Src/stm32f1xx_hal_rcc.o
 .rodata.aPredivFactorTable.6033
                0x0000000008003434        0x2 ./Drivers/STM32F1xx_HAL_Driver/Src/stm32f1xx_hal_rcc.o
                0x0000000008003438                . = ALIGN (0x4)
 *fill*         0x0000000008003436        0x2 

.rel.dyn        0x0000000008003438        0x0
 .rel.iplt      0x0000000008003438        0x0 d:/study app/stm32cubeide_1.7.0/stm32cubeide/plugins/com.st.stm32cube.ide.mcu.externaltools.gnu-tools-for-stm32.9-2020-q2-update.win32_2.0.0.202105311346/tools/bin/../lib/gcc/arm-none-eabi/9.3.1/thumb/v7-m/nofp/crtbegin.o

.ARM.extab      0x0000000008003438        0x0
                0x0000000008003438                . = ALIGN (0x4)
 *(.ARM.extab* .gnu.linkonce.armextab.*)
                0x0000000008003438                . = ALIGN (0x4)

.ARM            0x0000000008003438        0x0
                0x0000000008003438                . = ALIGN (0x4)
                0x0000000008003438                __exidx_start = .
 *(.ARM.exidx*)
                0x0000000008003438                __exidx_end = .
                0x0000000008003438                . = ALIGN (0x4)

.preinit_array  0x0000000008003438        0x0
                0x0000000008003438                . = ALIGN (0x4)
                0x0000000008003438                PROVIDE (__preinit_array_start = .)
 *(.preinit_array*)
                0x0000000008003438                PROVIDE (__preinit_array_end = .)
                0x0000000008003438                . = ALIGN (0x4)

.init_array     0x0000000008003438        0x4
                0x0000000008003438                . = ALIGN (0x4)
                0x0000000008003438                PROVIDE (__init_array_start = .)
 *(SORT_BY_NAME(.init_array.*))
 *(.init_array*)
 .init_array    0x0000000008003438        0x4 d:/study app/stm32cubeide_1.7.0/stm32cubeide/plugins/com.st.stm32cube.ide.mcu.externaltools.gnu-tools-for-stm32.9-2020-q2-update.win32_2.0.0.202105311346/tools/bin/../lib/gcc/arm-none-eabi/9.3.1/thumb/v7-m/nofp/crtbegin.o
                0x000000000800343c                PROVIDE (__init_array_end = .)
                0x000000000800343c                . = ALIGN (0x4)

.fini_array     0x000000000800343c        0x4
                0x000000000800343c                . = ALIGN (0x4)
                [!provide]                        PROVIDE (__fini_array_start = .)
 *(SORT_BY_NAME(.fini_array.*))
 *(.fini_array*)
 .fini_array    0x000000000800343c        0x4 d:/study app/stm32cubeide_1.7.0/stm32cubeide/plugins/com.st.stm32cube.ide.mcu.externaltools.gnu-tools-for-stm32.9-2020-q2-update.win32_2.0.0.202105311346/tools/bin/../lib/gcc/arm-none-eabi/9.3.1/thumb/v7-m/nofp/crtbegin.o
                [!provide]                        PROVIDE (__fini_array_end = .)
                0x0000000008003440                . = ALIGN (0x4)
                0x0000000008003440                _sidata = LOADADDR (.data)

.data           0x0000000020000000       0x7c load address 0x0000000008003440
                0x0000000020000000                . = ALIGN (0x4)
                0x0000000020000000                _sdata = .
 *(.data)
 *(.data*)
 .data.status_7SEG_0
                0x0000000020000000        0x4 ./Core/Src/FSM_display7SEG.o
                0x0000000020000000                status_7SEG_0
 .data.status_7SEG_1
                0x0000000020000004        0x4 ./Core/Src/FSM_display7SEG.o
                0x0000000020000004                status_7SEG_1
 .data.KeyReg0  0x0000000020000008        0xc ./Core/Src/button.o
                0x0000000020000008                KeyReg0
 .data.KeyReg1  0x0000000020000014        0xc ./Core/Src/button.o
                0x0000000020000014                KeyReg1
 .data.KeyReg2  0x0000000020000020        0xc ./Core/Src/button.o
                0x0000000020000020                KeyReg2
 .data.KeyReg3  0x000000002000002c        0xc ./Core/Src/button.o
                0x000000002000002c                KeyReg3
 .data.timerForKeyPress
                0x0000000020000038        0x4 ./Core/Src/button.o
                0x0000000020000038                timerForKeyPress
 .data.mode     0x000000002000003c        0x4 ./Core/Src/global.o
                0x000000002000003c                mode
 .data.TL_status
                0x0000000020000040        0x4 ./Core/Src/global.o
                0x0000000020000040                TL_status
 .data.TL_status_1
                0x0000000020000044        0x4 ./Core/Src/global.o
                0x0000000020000044                TL_status_1
 .data.red_timer
                0x0000000020000048        0x4 ./Core/Src/global.o
                0x0000000020000048                red_timer
 .data.yellow_timer
                0x000000002000004c        0x4 ./Core/Src/global.o
                0x000000002000004c                yellow_timer
 .data.green_timer
                0x0000000020000050        0x4 ./Core/Src/global.o
                0x0000000020000050                green_timer
 .data.temp_red_timer
                0x0000000020000054        0x4 ./Core/Src/global.o
                0x0000000020000054                temp_red_timer
 .data.temp_yellow_timer
                0x0000000020000058        0x4 ./Core/Src/global.o
                0x0000000020000058                temp_yellow_timer
 .data.temp_green_timer
                0x000000002000005c        0x4 ./Core/Src/global.o
                0x000000002000005c                temp_green_timer
 .data.temp_red_timer_1
                0x0000000020000060        0x4 ./Core/Src/global.o
                0x0000000020000060                temp_red_timer_1
 .data.temp_yellow_timer_1
                0x0000000020000064        0x4 ./Core/Src/global.o
                0x0000000020000064                temp_yellow_timer_1
 .data.temp_green_timer_1
                0x0000000020000068        0x4 ./Core/Src/global.o
                0x0000000020000068                temp_green_timer_1
 .data.TICK     0x000000002000006c        0x4 ./Core/Src/software_timer.o
                0x000000002000006c                TICK
 .data.SystemCoreClock
                0x0000000020000070        0x4 ./Core/Src/system_stm32f1xx.o
                0x0000000020000070                SystemCoreClock
 .data.uwTickPrio
                0x0000000020000074        0x4 ./Drivers/STM32F1xx_HAL_Driver/Src/stm32f1xx_hal.o
                0x0000000020000074                uwTickPrio
 .data.uwTickFreq
                0x0000000020000078        0x1 ./Drivers/STM32F1xx_HAL_Driver/Src/stm32f1xx_hal.o
                0x0000000020000078                uwTickFreq
 *(.RamFunc)
 *(.RamFunc*)
                0x000000002000007c                . = ALIGN (0x4)
 *fill*         0x0000000020000079        0x3 
                0x000000002000007c                _edata = .

.igot.plt       0x000000002000007c        0x0 load address 0x00000000080034bc
 .igot.plt      0x000000002000007c        0x0 d:/study app/stm32cubeide_1.7.0/stm32cubeide/plugins/com.st.stm32cube.ide.mcu.externaltools.gnu-tools-for-stm32.9-2020-q2-update.win32_2.0.0.202105311346/tools/bin/../lib/gcc/arm-none-eabi/9.3.1/thumb/v7-m/nofp/crtbegin.o
                0x000000002000007c                . = ALIGN (0x4)

.bss            0x000000002000007c      0x1c4 load address 0x00000000080034bc
                0x000000002000007c                _sbss = .
                0x000000002000007c                __bss_start__ = _sbss
 *(.bss)
 .bss           0x000000002000007c       0x1c d:/study app/stm32cubeide_1.7.0/stm32cubeide/plugins/com.st.stm32cube.ide.mcu.externaltools.gnu-tools-for-stm32.9-2020-q2-update.win32_2.0.0.202105311346/tools/bin/../lib/gcc/arm-none-eabi/9.3.1/thumb/v7-m/nofp/crtbegin.o
 *(.bss*)
 .bss.button0_flag
                0x0000000020000098        0x4 ./Core/Src/button.o
                0x0000000020000098                button0_flag
 .bss.button1_flag
                0x000000002000009c        0x4 ./Core/Src/button.o
                0x000000002000009c                button1_flag
 .bss.button2_flag
                0x00000000200000a0        0x4 ./Core/Src/button.o
                0x00000000200000a0                button2_flag
 .bss.button0_flag_hold
                0x00000000200000a4        0x4 ./Core/Src/button.o
                0x00000000200000a4                button0_flag_hold
 .bss.button1_flag_hold
                0x00000000200000a8        0x4 ./Core/Src/button.o
                0x00000000200000a8                button1_flag_hold
 .bss.button2_flag_hold
                0x00000000200000ac        0x4 ./Core/Src/button.o
                0x00000000200000ac                button2_flag_hold
 .bss.led_buffer0
                0x00000000200000b0        0x8 ./Core/Src/global.o
                0x00000000200000b0                led_buffer0
 .bss.led_buffer1
                0x00000000200000b8        0x8 ./Core/Src/global.o
                0x00000000200000b8                led_buffer1
 .bss.indexLed_0
                0x00000000200000c0        0x4 ./Core/Src/global.o
                0x00000000200000c0                indexLed_0
 .bss.indexLed_1
                0x00000000200000c4        0x4 ./Core/Src/global.o
                0x00000000200000c4                indexLed_1
 .bss.timer_counter
                0x00000000200000c8       0x90 ./Core/Src/software_timer.o
                0x00000000200000c8                timer_counter
 .bss.timer_flag
                0x0000000020000158       0x90 ./Core/Src/software_timer.o
                0x0000000020000158                timer_flag
 *(COMMON)
 COMMON         0x00000000200001e8        0xc ./Core/Src/FSM_traffic_light.o
                0x00000000200001e8                modify_green_timer
                0x00000000200001ec                modify_red_timer
                0x00000000200001f0                modify_yellow_timer
 COMMON         0x00000000200001f4       0x48 ./Core/Src/main.o
                0x00000000200001f4                htim2
 COMMON         0x000000002000023c        0x4 ./Drivers/STM32F1xx_HAL_Driver/Src/stm32f1xx_hal.o
                0x000000002000023c                uwTick
                0x0000000020000240                . = ALIGN (0x4)
                0x0000000020000240                _ebss = .
                0x0000000020000240                __bss_end__ = _ebss

._user_heap_stack
                0x0000000020000240      0x600 load address 0x00000000080034bc
                0x0000000020000240                . = ALIGN (0x8)
                [!provide]                        PROVIDE (end = .)
                0x0000000020000240                PROVIDE (_end = .)
                0x0000000020000440                . = (. + _Min_Heap_Size)
 *fill*         0x0000000020000240      0x200 
                0x0000000020000840                . = (. + _Min_Stack_Size)
 *fill*         0x0000000020000440      0x400 
                0x0000000020000840                . = ALIGN (0x8)

/DISCARD/
 libc.a(*)
 libm.a(*)
 libgcc.a(*)

.ARM.attributes
                0x0000000000000000       0x29
 *(.ARM.attributes)
 .ARM.attributes
                0x0000000000000000       0x1d d:/study app/stm32cubeide_1.7.0/stm32cubeide/plugins/com.st.stm32cube.ide.mcu.externaltools.gnu-tools-for-stm32.9-2020-q2-update.win32_2.0.0.202105311346/tools/bin/../lib/gcc/arm-none-eabi/9.3.1/thumb/v7-m/nofp/crti.o
 .ARM.attributes
                0x000000000000001d       0x2d d:/study app/stm32cubeide_1.7.0/stm32cubeide/plugins/com.st.stm32cube.ide.mcu.externaltools.gnu-tools-for-stm32.9-2020-q2-update.win32_2.0.0.202105311346/tools/bin/../lib/gcc/arm-none-eabi/9.3.1/thumb/v7-m/nofp/crtbegin.o
 .ARM.attributes
                0x000000000000004a       0x2d ./Core/Src/FSM_automatic.o
 .ARM.attributes
                0x0000000000000077       0x2d ./Core/Src/FSM_display7SEG.o
 .ARM.attributes
                0x00000000000000a4       0x2d ./Core/Src/FSM_traffic_light.o
 .ARM.attributes
                0x00000000000000d1       0x2d ./Core/Src/button.o
 .ARM.attributes
                0x00000000000000fe       0x2d ./Core/Src/display7SEG.o
 .ARM.attributes
                0x000000000000012b       0x33 ./Core/Src/global.o
 .ARM.attributes
                0x000000000000015e       0x2d ./Core/Src/main.o
 .ARM.attributes
                0x000000000000018b       0x2d ./Core/Src/software_timer.o
 .ARM.attributes
                0x00000000000001b8       0x2d ./Core/Src/stm32f1xx_hal_msp.o
 .ARM.attributes
                0x00000000000001e5       0x2d ./Core/Src/stm32f1xx_it.o
 .ARM.attributes
                0x0000000000000212       0x2d ./Core/Src/system_stm32f1xx.o
 .ARM.attributes
                0x000000000000023f       0x2d ./Core/Src/traffic_light.o
 .ARM.attributes
                0x000000000000026c       0x21 ./Core/Startup/startup_stm32f103c6ux.o
 .ARM.attributes
                0x000000000000028d       0x2d ./Drivers/STM32F1xx_HAL_Driver/Src/stm32f1xx_hal.o
 .ARM.attributes
                0x00000000000002ba       0x2d ./Drivers/STM32F1xx_HAL_Driver/Src/stm32f1xx_hal_cortex.o
 .ARM.attributes
                0x00000000000002e7       0x2d ./Drivers/STM32F1xx_HAL_Driver/Src/stm32f1xx_hal_gpio.o
 .ARM.attributes
                0x0000000000000314       0x2d ./Drivers/STM32F1xx_HAL_Driver/Src/stm32f1xx_hal_rcc.o
 .ARM.attributes
                0x0000000000000341       0x2d ./Drivers/STM32F1xx_HAL_Driver/Src/stm32f1xx_hal_tim.o
 .ARM.attributes
                0x000000000000036e       0x2d ./Drivers/STM32F1xx_HAL_Driver/Src/stm32f1xx_hal_tim_ex.o
 .ARM.attributes
                0x000000000000039b       0x2d d:/study app/stm32cubeide_1.7.0/stm32cubeide/plugins/com.st.stm32cube.ide.mcu.externaltools.gnu-tools-for-stm32.9-2020-q2-update.win32_2.0.0.202105311346/tools/bin/../lib/gcc/arm-none-eabi/9.3.1/../../../../arm-none-eabi/lib/thumb/v7-m/nofp\libc_nano.a(lib_a-init.o)
 .ARM.attributes
                0x00000000000003c8       0x2d d:/study app/stm32cubeide_1.7.0/stm32cubeide/plugins/com.st.stm32cube.ide.mcu.externaltools.gnu-tools-for-stm32.9-2020-q2-update.win32_2.0.0.202105311346/tools/bin/../lib/gcc/arm-none-eabi/9.3.1/../../../../arm-none-eabi/lib/thumb/v7-m/nofp\libc_nano.a(lib_a-memset.o)
 .ARM.attributes
                0x00000000000003f5       0x1d d:/study app/stm32cubeide_1.7.0/stm32cubeide/plugins/com.st.stm32cube.ide.mcu.externaltools.gnu-tools-for-stm32.9-2020-q2-update.win32_2.0.0.202105311346/tools/bin/../lib/gcc/arm-none-eabi/9.3.1/thumb/v7-m/nofp/crtn.o
OUTPUT(LAB_3.elf elf32-littlearm)
LOAD linker stubs
LOAD d:/study app/stm32cubeide_1.7.0/stm32cubeide/plugins/com.st.stm32cube.ide.mcu.externaltools.gnu-tools-for-stm32.9-2020-q2-update.win32_2.0.0.202105311346/tools/bin/../lib/gcc/arm-none-eabi/9.3.1/../../../../arm-none-eabi/lib/thumb/v7-m/nofp\libc.a
LOAD d:/study app/stm32cubeide_1.7.0/stm32cubeide/plugins/com.st.stm32cube.ide.mcu.externaltools.gnu-tools-for-stm32.9-2020-q2-update.win32_2.0.0.202105311346/tools/bin/../lib/gcc/arm-none-eabi/9.3.1/../../../../arm-none-eabi/lib/thumb/v7-m/nofp\libm.a
LOAD d:/study app/stm32cubeide_1.7.0/stm32cubeide/plugins/com.st.stm32cube.ide.mcu.externaltools.gnu-tools-for-stm32.9-2020-q2-update.win32_2.0.0.202105311346/tools/bin/../lib/gcc/arm-none-eabi/9.3.1/thumb/v7-m/nofp\libgcc.a

.debug_info     0x0000000000000000     0xa22d
 .debug_info    0x0000000000000000      0x33e ./Core/Src/FSM_automatic.o
 .debug_info    0x000000000000033e      0x348 ./Core/Src/FSM_display7SEG.o
 .debug_info    0x0000000000000686      0x3f1 ./Core/Src/FSM_traffic_light.o
 .debug_info    0x0000000000000a77      0x400 ./Core/Src/button.o
 .debug_info    0x0000000000000e77      0x449 ./Core/Src/display7SEG.o
 .debug_info    0x00000000000012c0      0x3e0 ./Core/Src/global.o
 .debug_info    0x00000000000016a0      0xd1e ./Core/Src/main.o
 .debug_info    0x00000000000023be      0x23f ./Core/Src/software_timer.o
 .debug_info    0x00000000000025fd      0xa09 ./Core/Src/stm32f1xx_hal_msp.o
 .debug_info    0x0000000000003006      0x7b9 ./Core/Src/stm32f1xx_it.o
 .debug_info    0x00000000000037bf      0x2be ./Core/Src/system_stm32f1xx.o
 .debug_info    0x0000000000003a7d      0x33f ./Core/Src/traffic_light.o
 .debug_info    0x0000000000003dbc       0x22 ./Core/Startup/startup_stm32f103c6ux.o
 .debug_info    0x0000000000003dde      0x74c ./Drivers/STM32F1xx_HAL_Driver/Src/stm32f1xx_hal.o
 .debug_info    0x000000000000452a      0xbbe ./Drivers/STM32F1xx_HAL_Driver/Src/stm32f1xx_hal_cortex.o
 .debug_info    0x00000000000050e8      0x701 ./Drivers/STM32F1xx_HAL_Driver/Src/stm32f1xx_hal_gpio.o
 .debug_info    0x00000000000057e9      0x893 ./Drivers/STM32F1xx_HAL_Driver/Src/stm32f1xx_hal_rcc.o
 .debug_info    0x000000000000607c     0x2c32 ./Drivers/STM32F1xx_HAL_Driver/Src/stm32f1xx_hal_tim.o
 .debug_info    0x0000000000008cae     0x157f ./Drivers/STM32F1xx_HAL_Driver/Src/stm32f1xx_hal_tim_ex.o

.debug_abbrev   0x0000000000000000     0x1cc2
 .debug_abbrev  0x0000000000000000       0xb6 ./Core/Src/FSM_automatic.o
 .debug_abbrev  0x00000000000000b6       0xc5 ./Core/Src/FSM_display7SEG.o
 .debug_abbrev  0x000000000000017b      0x10e ./Core/Src/FSM_traffic_light.o
 .debug_abbrev  0x0000000000000289      0x13f ./Core/Src/button.o
 .debug_abbrev  0x00000000000003c8      0x13f ./Core/Src/display7SEG.o
 .debug_abbrev  0x0000000000000507       0xa9 ./Core/Src/global.o
 .debug_abbrev  0x00000000000005b0      0x248 ./Core/Src/main.o
 .debug_abbrev  0x00000000000007f8      0x11f ./Core/Src/software_timer.o
 .debug_abbrev  0x0000000000000917      0x1b7 ./Core/Src/stm32f1xx_hal_msp.o
 .debug_abbrev  0x0000000000000ace      0x176 ./Core/Src/stm32f1xx_it.o
 .debug_abbrev  0x0000000000000c44      0x14e ./Core/Src/system_stm32f1xx.o
 .debug_abbrev  0x0000000000000d92       0xff ./Core/Src/traffic_light.o
 .debug_abbrev  0x0000000000000e91       0x12 ./Core/Startup/startup_stm32f103c6ux.o
 .debug_abbrev  0x0000000000000ea3      0x1ed ./Drivers/STM32F1xx_HAL_Driver/Src/stm32f1xx_hal.o
 .debug_abbrev  0x0000000000001090      0x313 ./Drivers/STM32F1xx_HAL_Driver/Src/stm32f1xx_hal_cortex.o
 .debug_abbrev  0x00000000000013a3      0x1e8 ./Drivers/STM32F1xx_HAL_Driver/Src/stm32f1xx_hal_gpio.o
 .debug_abbrev  0x000000000000158b      0x273 ./Drivers/STM32F1xx_HAL_Driver/Src/stm32f1xx_hal_rcc.o
 .debug_abbrev  0x00000000000017fe      0x25e ./Drivers/STM32F1xx_HAL_Driver/Src/stm32f1xx_hal_tim.o
 .debug_abbrev  0x0000000000001a5c      0x266 ./Drivers/STM32F1xx_HAL_Driver/Src/stm32f1xx_hal_tim_ex.o

.debug_aranges  0x0000000000000000      0xb08
 .debug_aranges
                0x0000000000000000       0x30 ./Core/Src/FSM_automatic.o
 .debug_aranges
                0x0000000000000030       0x28 ./Core/Src/FSM_display7SEG.o
 .debug_aranges
                0x0000000000000058       0x20 ./Core/Src/FSM_traffic_light.o
 .debug_aranges
                0x0000000000000078       0x60 ./Core/Src/button.o
 .debug_aranges
                0x00000000000000d8       0x38 ./Core/Src/display7SEG.o
 .debug_aranges
                0x0000000000000110       0x18 ./Core/Src/global.o
 .debug_aranges
                0x0000000000000128       0x48 ./Core/Src/main.o
 .debug_aranges
                0x0000000000000170       0x30 ./Core/Src/software_timer.o
 .debug_aranges
                0x00000000000001a0       0x30 ./Core/Src/stm32f1xx_hal_msp.o
 .debug_aranges
                0x00000000000001d0       0x68 ./Core/Src/stm32f1xx_it.o
 .debug_aranges
                0x0000000000000238       0x28 ./Core/Src/system_stm32f1xx.o
 .debug_aranges
                0x0000000000000260       0x80 ./Core/Src/traffic_light.o
 .debug_aranges
                0x00000000000002e0       0x28 ./Core/Startup/startup_stm32f103c6ux.o
 .debug_aranges
                0x0000000000000308       0xe0 ./Drivers/STM32F1xx_HAL_Driver/Src/stm32f1xx_hal.o
 .debug_aranges
                0x00000000000003e8      0x100 ./Drivers/STM32F1xx_HAL_Driver/Src/stm32f1xx_hal_cortex.o
 .debug_aranges
                0x00000000000004e8       0x58 ./Drivers/STM32F1xx_HAL_Driver/Src/stm32f1xx_hal_gpio.o
 .debug_aranges
                0x0000000000000540       0x90 ./Drivers/STM32F1xx_HAL_Driver/Src/stm32f1xx_hal_rcc.o
 .debug_aranges
                0x00000000000005d0      0x3d0 ./Drivers/STM32F1xx_HAL_Driver/Src/stm32f1xx_hal_tim.o
 .debug_aranges
                0x00000000000009a0      0x168 ./Drivers/STM32F1xx_HAL_Driver/Src/stm32f1xx_hal_tim_ex.o

.debug_ranges   0x0000000000000000      0x9d8
 .debug_ranges  0x0000000000000000       0x20 ./Core/Src/FSM_automatic.o
 .debug_ranges  0x0000000000000020       0x18 ./Core/Src/FSM_display7SEG.o
 .debug_ranges  0x0000000000000038       0x10 ./Core/Src/FSM_traffic_light.o
 .debug_ranges  0x0000000000000048       0x50 ./Core/Src/button.o
 .debug_ranges  0x0000000000000098       0x28 ./Core/Src/display7SEG.o
 .debug_ranges  0x00000000000000c0       0x38 ./Core/Src/main.o
 .debug_ranges  0x00000000000000f8       0x20 ./Core/Src/software_timer.o
 .debug_ranges  0x0000000000000118       0x20 ./Core/Src/stm32f1xx_hal_msp.o
 .debug_ranges  0x0000000000000138       0x58 ./Core/Src/stm32f1xx_it.o
 .debug_ranges  0x0000000000000190       0x18 ./Core/Src/system_stm32f1xx.o
 .debug_ranges  0x00000000000001a8       0x70 ./Core/Src/traffic_light.o
 .debug_ranges  0x0000000000000218       0x20 ./Core/Startup/startup_stm32f103c6ux.o
 .debug_ranges  0x0000000000000238       0xd0 ./Drivers/STM32F1xx_HAL_Driver/Src/stm32f1xx_hal.o
 .debug_ranges  0x0000000000000308       0xf0 ./Drivers/STM32F1xx_HAL_Driver/Src/stm32f1xx_hal_cortex.o
 .debug_ranges  0x00000000000003f8       0x48 ./Drivers/STM32F1xx_HAL_Driver/Src/stm32f1xx_hal_gpio.o
 .debug_ranges  0x0000000000000440       0x80 ./Drivers/STM32F1xx_HAL_Driver/Src/stm32f1xx_hal_rcc.o
 .debug_ranges  0x00000000000004c0      0x3c0 ./Drivers/STM32F1xx_HAL_Driver/Src/stm32f1xx_hal_tim.o
 .debug_ranges  0x0000000000000880      0x158 ./Drivers/STM32F1xx_HAL_Driver/Src/stm32f1xx_hal_tim_ex.o

.debug_macro    0x0000000000000000    0x173b4
 .debug_macro   0x0000000000000000      0x201 ./Core/Src/FSM_automatic.o
 .debug_macro   0x0000000000000201      0xa9c ./Core/Src/FSM_automatic.o
 .debug_macro   0x0000000000000c9d      0x215 ./Core/Src/FSM_automatic.o
 .debug_macro   0x0000000000000eb2       0x2e ./Core/Src/FSM_automatic.o
 .debug_macro   0x0000000000000ee0       0x22 ./Core/Src/FSM_automatic.o
 .debug_macro   0x0000000000000f02       0x22 ./Core/Src/FSM_automatic.o
 .debug_macro   0x0000000000000f24       0x8e ./Core/Src/FSM_automatic.o
 .debug_macro   0x0000000000000fb2       0x51 ./Core/Src/FSM_automatic.o
 .debug_macro   0x0000000000001003      0x103 ./Core/Src/FSM_automatic.o
 .debug_macro   0x0000000000001106       0x6a ./Core/Src/FSM_automatic.o
 .debug_macro   0x0000000000001170      0x1df ./Core/Src/FSM_automatic.o
 .debug_macro   0x000000000000134f       0x1c ./Core/Src/FSM_automatic.o
 .debug_macro   0x000000000000136b       0x22 ./Core/Src/FSM_automatic.o
 .debug_macro   0x000000000000138d       0xc3 ./Core/Src/FSM_automatic.o
 .debug_macro   0x0000000000001450      0xd23 ./Core/Src/FSM_automatic.o
 .debug_macro   0x0000000000002173     0xde75 ./Core/Src/FSM_automatic.o
 .debug_macro   0x000000000000ffe8       0x6d ./Core/Src/FSM_automatic.o
 .debug_macro   0x0000000000010055     0x34a2 ./Core/Src/FSM_automatic.o
 .debug_macro   0x00000000000134f7      0x174 ./Core/Src/FSM_automatic.o
 .debug_macro   0x000000000001366b       0x5c ./Core/Src/FSM_automatic.o
 .debug_macro   0x00000000000136c7      0x5bc ./Core/Src/FSM_automatic.o
 .debug_macro   0x0000000000013c83      0x1b7 ./Core/Src/FSM_automatic.o
 .debug_macro   0x0000000000013e3a      0x1cb ./Core/Src/FSM_automatic.o
 .debug_macro   0x0000000000014005      0x114 ./Core/Src/FSM_automatic.o
 .debug_macro   0x0000000000014119      0x1b2 ./Core/Src/FSM_automatic.o
 .debug_macro   0x00000000000142cb       0x27 ./Core/Src/FSM_automatic.o
 .debug_macro   0x00000000000142f2      0x12f ./Core/Src/FSM_automatic.o
 .debug_macro   0x0000000000014421      0x1bc ./Core/Src/FSM_automatic.o
 .debug_macro   0x00000000000145dd       0x34 ./Core/Src/FSM_automatic.o
 .debug_macro   0x0000000000014611       0x3c ./Core/Src/FSM_automatic.o
 .debug_macro   0x000000000001464d       0x57 ./Core/Src/FSM_automatic.o
 .debug_macro   0x00000000000146a4       0x87 ./Core/Src/FSM_automatic.o
 .debug_macro   0x000000000001472b      0x183 ./Core/Src/FSM_automatic.o
 .debug_macro   0x00000000000148ae      0x140 ./Core/Src/FSM_automatic.o
 .debug_macro   0x00000000000149ee      0x8ed ./Core/Src/FSM_automatic.o
 .debug_macro   0x00000000000152db       0x69 ./Core/Src/FSM_automatic.o
 .debug_macro   0x0000000000015344      0x160 ./Core/Src/FSM_automatic.o
 .debug_macro   0x00000000000154a4       0x10 ./Core/Src/FSM_automatic.o
 .debug_macro   0x00000000000154b4       0x16 ./Core/Src/FSM_automatic.o
 .debug_macro   0x00000000000154ca       0x6a ./Core/Src/FSM_automatic.o
 .debug_macro   0x0000000000015534      0x205 ./Core/Src/FSM_display7SEG.o
 .debug_macro   0x0000000000015739      0x209 ./Core/Src/FSM_traffic_light.o
 .debug_macro   0x0000000000015942      0x1b5 ./Core/Src/button.o
 .debug_macro   0x0000000000015af7       0x10 ./Core/Src/button.o
 .debug_macro   0x0000000000015b07      0x201 ./Core/Src/display7SEG.o
 .debug_macro   0x0000000000015d08      0x1fd ./Core/Src/global.o
 .debug_macro   0x0000000000015f05      0x227 ./Core/Src/main.o
 .debug_macro   0x000000000001612c      0x1b6 ./Core/Src/software_timer.o
 .debug_macro   0x00000000000162e2      0x1a6 ./Core/Src/stm32f1xx_hal_msp.o
 .debug_macro   0x0000000000016488      0x1b0 ./Core/Src/stm32f1xx_it.o
 .debug_macro   0x0000000000016638      0x197 ./Core/Src/system_stm32f1xx.o
 .debug_macro   0x00000000000167cf      0x1b9 ./Core/Src/traffic_light.o
 .debug_macro   0x0000000000016988      0x1bb ./Drivers/STM32F1xx_HAL_Driver/Src/stm32f1xx_hal.o
 .debug_macro   0x0000000000016b43      0x197 ./Drivers/STM32F1xx_HAL_Driver/Src/stm32f1xx_hal_cortex.o
 .debug_macro   0x0000000000016cda      0x202 ./Drivers/STM32F1xx_HAL_Driver/Src/stm32f1xx_hal_gpio.o
 .debug_macro   0x0000000000016edc      0x1a9 ./Drivers/STM32F1xx_HAL_Driver/Src/stm32f1xx_hal_rcc.o
 .debug_macro   0x0000000000017085      0x198 ./Drivers/STM32F1xx_HAL_Driver/Src/stm32f1xx_hal_tim.o
 .debug_macro   0x000000000001721d      0x197 ./Drivers/STM32F1xx_HAL_Driver/Src/stm32f1xx_hal_tim_ex.o

.debug_line     0x0000000000000000     0xd4af
 .debug_line    0x0000000000000000      0x8f3 ./Core/Src/FSM_automatic.o
 .debug_line    0x00000000000008f3      0x867 ./Core/Src/FSM_display7SEG.o
 .debug_line    0x000000000000115a      0x831 ./Core/Src/FSM_traffic_light.o
 .debug_line    0x000000000000198b      0x8ac ./Core/Src/button.o
 .debug_line    0x0000000000002237      0x80e ./Core/Src/display7SEG.o
 .debug_line    0x0000000000002a45      0x6ec ./Core/Src/global.o
 .debug_line    0x0000000000003131      0x846 ./Core/Src/main.o
 .debug_line    0x0000000000003977      0x6df ./Core/Src/software_timer.o
 .debug_line    0x0000000000004056      0x6bd ./Core/Src/stm32f1xx_hal_msp.o
 .debug_line    0x0000000000004713      0x75b ./Core/Src/stm32f1xx_it.o
 .debug_line    0x0000000000004e6e      0x6ff ./Core/Src/system_stm32f1xx.o
 .debug_line    0x000000000000556d      0x7d6 ./Core/Src/traffic_light.o
 .debug_line    0x0000000000005d43       0x86 ./Core/Startup/startup_stm32f103c6ux.o
 .debug_line    0x0000000000005dc9      0x92c ./Drivers/STM32F1xx_HAL_Driver/Src/stm32f1xx_hal.o
 .debug_line    0x00000000000066f5      0xb14 ./Drivers/STM32F1xx_HAL_Driver/Src/stm32f1xx_hal_cortex.o
 .debug_line    0x0000000000007209      0x9af ./Drivers/STM32F1xx_HAL_Driver/Src/stm32f1xx_hal_gpio.o
 .debug_line    0x0000000000007bb8      0xd38 ./Drivers/STM32F1xx_HAL_Driver/Src/stm32f1xx_hal_rcc.o
 .debug_line    0x00000000000088f0     0x337d ./Drivers/STM32F1xx_HAL_Driver/Src/stm32f1xx_hal_tim.o
 .debug_line    0x000000000000bc6d     0x1842 ./Drivers/STM32F1xx_HAL_Driver/Src/stm32f1xx_hal_tim_ex.o

.debug_str      0x0000000000000000    0x82852
 .debug_str     0x0000000000000000    0x7fc0e ./Core/Src/FSM_automatic.o
                                      0x7ff87 (size before relaxing)
 .debug_str     0x000000000007fc0e       0x42 ./Core/Src/FSM_display7SEG.o
                                      0x7ff73 (size before relaxing)
 .debug_str     0x000000000007fc50       0x55 ./Core/Src/FSM_traffic_light.o
                                      0x7ff95 (size before relaxing)
 .debug_str     0x000000000007fca5      0x107 ./Core/Src/button.o
                                      0x7fdd1 (size before relaxing)
 .debug_str     0x000000000007fdac       0x3a ./Core/Src/display7SEG.o
                                      0x7ffb8 (size before relaxing)
 .debug_str     0x000000000007fde6       0x15 ./Core/Src/global.o
                                      0x7ff46 (size before relaxing)
 .debug_str     0x000000000007fdfb      0x6df ./Core/Src/main.o
                                      0x80707 (size before relaxing)
 .debug_str     0x00000000000804da       0x52 ./Core/Src/software_timer.o
                                      0x7fc5c (size before relaxing)
 .debug_str     0x000000000008052c      0x2ba ./Core/Src/stm32f1xx_hal_msp.o
                                      0x803f4 (size before relaxing)
 .debug_str     0x00000000000807e6       0xcd ./Core/Src/stm32f1xx_it.o
                                      0x80156 (size before relaxing)
 .debug_str     0x00000000000808b3       0x52 ./Core/Src/system_stm32f1xx.o
                                      0x7f765 (size before relaxing)
 .debug_str     0x0000000000080905       0xd4 ./Core/Src/traffic_light.o
                                      0x7fd1f (size before relaxing)
 .debug_str     0x00000000000809d9       0x36 ./Core/Startup/startup_stm32f103c6ux.o
                                         0x59 (size before relaxing)
 .debug_str     0x0000000000080a0f      0x304 ./Drivers/STM32F1xx_HAL_Driver/Src/stm32f1xx_hal.o
                                      0x7fdbc (size before relaxing)
 .debug_str     0x0000000000080d13      0x300 ./Drivers/STM32F1xx_HAL_Driver/Src/stm32f1xx_hal_cortex.o
                                      0x7fdc4 (size before relaxing)
 .debug_str     0x0000000000081013      0x324 ./Drivers/STM32F1xx_HAL_Driver/Src/stm32f1xx_hal_gpio.o
                                      0x7fb29 (size before relaxing)
 .debug_str     0x0000000000081337      0x24f ./Drivers/STM32F1xx_HAL_Driver/Src/stm32f1xx_hal_rcc.o
                                      0x7fb62 (size before relaxing)
 .debug_str     0x0000000000081586      0xdde ./Drivers/STM32F1xx_HAL_Driver/Src/stm32f1xx_hal_tim.o
                                      0x80b4b (size before relaxing)
 .debug_str     0x0000000000082364      0x4ee ./Drivers/STM32F1xx_HAL_Driver/Src/stm32f1xx_hal_tim_ex.o
                                      0x802ec (size before relaxing)

.comment        0x0000000000000000       0x53
 .comment       0x0000000000000000       0x53 ./Core/Src/FSM_automatic.o
                                         0x54 (size before relaxing)
 .comment       0x0000000000000053       0x54 ./Core/Src/FSM_display7SEG.o
 .comment       0x0000000000000053       0x54 ./Core/Src/FSM_traffic_light.o
 .comment       0x0000000000000053       0x54 ./Core/Src/button.o
 .comment       0x0000000000000053       0x54 ./Core/Src/display7SEG.o
 .comment       0x0000000000000053       0x54 ./Core/Src/global.o
 .comment       0x0000000000000053       0x54 ./Core/Src/main.o
 .comment       0x0000000000000053       0x54 ./Core/Src/software_timer.o
 .comment       0x0000000000000053       0x54 ./Core/Src/stm32f1xx_hal_msp.o
 .comment       0x0000000000000053       0x54 ./Core/Src/stm32f1xx_it.o
 .comment       0x0000000000000053       0x54 ./Core/Src/system_stm32f1xx.o
 .comment       0x0000000000000053       0x54 ./Core/Src/traffic_light.o
 .comment       0x0000000000000053       0x54 ./Drivers/STM32F1xx_HAL_Driver/Src/stm32f1xx_hal.o
 .comment       0x0000000000000053       0x54 ./Drivers/STM32F1xx_HAL_Driver/Src/stm32f1xx_hal_cortex.o
 .comment       0x0000000000000053       0x54 ./Drivers/STM32F1xx_HAL_Driver/Src/stm32f1xx_hal_gpio.o
 .comment       0x0000000000000053       0x54 ./Drivers/STM32F1xx_HAL_Driver/Src/stm32f1xx_hal_rcc.o
 .comment       0x0000000000000053       0x54 ./Drivers/STM32F1xx_HAL_Driver/Src/stm32f1xx_hal_tim.o
 .comment       0x0000000000000053       0x54 ./Drivers/STM32F1xx_HAL_Driver/Src/stm32f1xx_hal_tim_ex.o

.debug_frame    0x0000000000000000     0x2a60
 .debug_frame   0x0000000000000000       0x64 ./Core/Src/FSM_automatic.o
 .debug_frame   0x0000000000000064       0x48 ./Core/Src/FSM_display7SEG.o
 .debug_frame   0x00000000000000ac       0x2c ./Core/Src/FSM_traffic_light.o
 .debug_frame   0x00000000000000d8      0x124 ./Core/Src/button.o
 .debug_frame   0x00000000000001fc       0xa8 ./Core/Src/display7SEG.o
 .debug_frame   0x00000000000002a4       0xd4 ./Core/Src/main.o
 .debug_frame   0x0000000000000378       0x7c ./Core/Src/software_timer.o
 .debug_frame   0x00000000000003f4       0x80 ./Core/Src/stm32f1xx_hal_msp.o
 .debug_frame   0x0000000000000474      0x120 ./Core/Src/stm32f1xx_it.o
 .debug_frame   0x0000000000000594       0x58 ./Core/Src/system_stm32f1xx.o
 .debug_frame   0x00000000000005ec      0x17c ./Core/Src/traffic_light.o
 .debug_frame   0x0000000000000768      0x334 ./Drivers/STM32F1xx_HAL_Driver/Src/stm32f1xx_hal.o
 .debug_frame   0x0000000000000a9c      0x428 ./Drivers/STM32F1xx_HAL_Driver/Src/stm32f1xx_hal_cortex.o
 .debug_frame   0x0000000000000ec4      0x14c ./Drivers/STM32F1xx_HAL_Driver/Src/stm32f1xx_hal_gpio.o
 .debug_frame   0x0000000000001010      0x218 ./Drivers/STM32F1xx_HAL_Driver/Src/stm32f1xx_hal_rcc.o
 .debug_frame   0x0000000000001228     0x11b4 ./Drivers/STM32F1xx_HAL_Driver/Src/stm32f1xx_hal_tim.o
 .debug_frame   0x00000000000023dc      0x638 ./Drivers/STM32F1xx_HAL_Driver/Src/stm32f1xx_hal_tim_ex.o
 .debug_frame   0x0000000000002a14       0x2c d:/study app/stm32cubeide_1.7.0/stm32cubeide/plugins/com.st.stm32cube.ide.mcu.externaltools.gnu-tools-for-stm32.9-2020-q2-update.win32_2.0.0.202105311346/tools/bin/../lib/gcc/arm-none-eabi/9.3.1/../../../../arm-none-eabi/lib/thumb/v7-m/nofp\libc_nano.a(lib_a-init.o)
 .debug_frame   0x0000000000002a40       0x20 d:/study app/stm32cubeide_1.7.0/stm32cubeide/plugins/com.st.stm32cube.ide.mcu.externaltools.gnu-tools-for-stm32.9-2020-q2-update.win32_2.0.0.202105311346/tools/bin/../lib/gcc/arm-none-eabi/9.3.1/../../../../arm-none-eabi/lib/thumb/v7-m/nofp\libc_nano.a(lib_a-memset.o)
