Archive member included to satisfy reference by file (symbol)

d:/study app/stm32cubeide_1.7.0/stm32cubeide/plugins/com.st.stm32cube.ide.mcu.externaltools.gnu-tools-for-stm32.9-2020-q2-update.win32_2.0.0.202105311346/tools/bin/../lib/gcc/arm-none-eabi/9.3.1/../../../../arm-none-eabi/lib/thumb/v7-m/nofp\libc_nano.a(lib_a-errno.o)
                              ./Core/Src/syscalls.o (__errno)
d:/study app/stm32cubeide_1.7.0/stm32cubeide/plugins/com.st.stm32cube.ide.mcu.externaltools.gnu-tools-for-stm32.9-2020-q2-update.win32_2.0.0.202105311346/tools/bin/../lib/gcc/arm-none-eabi/9.3.1/../../../../arm-none-eabi/lib/thumb/v7-m/nofp\libc_nano.a(lib_a-exit.o)
                              d:/study app/stm32cubeide_1.7.0/stm32cubeide/plugins/com.st.stm32cube.ide.mcu.externaltools.gnu-tools-for-stm32.9-2020-q2-update.win32_2.0.0.202105311346/tools/bin/../lib/gcc/arm-none-eabi/9.3.1/../../../../arm-none-eabi/lib/thumb/v7-m/nofp/crt0.o (exit)
d:/study app/stm32cubeide_1.7.0/stm32cubeide/plugins/com.st.stm32cube.ide.mcu.externaltools.gnu-tools-for-stm32.9-2020-q2-update.win32_2.0.0.202105311346/tools/bin/../lib/gcc/arm-none-eabi/9.3.1/../../../../arm-none-eabi/lib/thumb/v7-m/nofp\libc_nano.a(lib_a-impure.o)
                              d:/study app/stm32cubeide_1.7.0/stm32cubeide/plugins/com.st.stm32cube.ide.mcu.externaltools.gnu-tools-for-stm32.9-2020-q2-update.win32_2.0.0.202105311346/tools/bin/../lib/gcc/arm-none-eabi/9.3.1/../../../../arm-none-eabi/lib/thumb/v7-m/nofp\libc_nano.a(lib_a-exit.o) (_global_impure_ptr)
d:/study app/stm32cubeide_1.7.0/stm32cubeide/plugins/com.st.stm32cube.ide.mcu.externaltools.gnu-tools-for-stm32.9-2020-q2-update.win32_2.0.0.202105311346/tools/bin/../lib/gcc/arm-none-eabi/9.3.1/../../../../arm-none-eabi/lib/thumb/v7-m/nofp\libc_nano.a(lib_a-init.o)
                              d:/study app/stm32cubeide_1.7.0/stm32cubeide/plugins/com.st.stm32cube.ide.mcu.externaltools.gnu-tools-for-stm32.9-2020-q2-update.win32_2.0.0.202105311346/tools/bin/../lib/gcc/arm-none-eabi/9.3.1/../../../../arm-none-eabi/lib/thumb/v7-m/nofp/crt0.o (__libc_init_array)
d:/study app/stm32cubeide_1.7.0/stm32cubeide/plugins/com.st.stm32cube.ide.mcu.externaltools.gnu-tools-for-stm32.9-2020-q2-update.win32_2.0.0.202105311346/tools/bin/../lib/gcc/arm-none-eabi/9.3.1/../../../../arm-none-eabi/lib/thumb/v7-m/nofp\libc_nano.a(lib_a-memset.o)
                              d:/study app/stm32cubeide_1.7.0/stm32cubeide/plugins/com.st.stm32cube.ide.mcu.externaltools.gnu-tools-for-stm32.9-2020-q2-update.win32_2.0.0.202105311346/tools/bin/../lib/gcc/arm-none-eabi/9.3.1/../../../../arm-none-eabi/lib/thumb/v7-m/nofp/crt0.o (memset)

Allocating common symbols
Common symbol       size              file

uwTick              0x4               ./Drivers/STM32F1xx_HAL_Driver/Src/stm32f1xx_hal.o
pFlash              0x20              ./Drivers/STM32F1xx_HAL_Driver/Src/stm32f1xx_hal_flash.o
htim2               0x48              ./Core/Src/main.o
SCH_task_G          0xa0              ./Core/Src/scheduler.o
modify_green_timer  0x4               ./Core/Src/FSM_traffic_light.o
modify_red_timer    0x4               ./Core/Src/FSM_traffic_light.o
modify_yellow_timer
                    0x4               ./Core/Src/FSM_traffic_light.o

Discarded input sections

 .text          0x0000000000000000        0x0 d:/study app/stm32cubeide_1.7.0/stm32cubeide/plugins/com.st.stm32cube.ide.mcu.externaltools.gnu-tools-for-stm32.9-2020-q2-update.win32_2.0.0.202105311346/tools/bin/../lib/gcc/arm-none-eabi/9.3.1/thumb/v7-m/nofp/crti.o
 .data          0x0000000000000000        0x0 d:/study app/stm32cubeide_1.7.0/stm32cubeide/plugins/com.st.stm32cube.ide.mcu.externaltools.gnu-tools-for-stm32.9-2020-q2-update.win32_2.0.0.202105311346/tools/bin/../lib/gcc/arm-none-eabi/9.3.1/thumb/v7-m/nofp/crti.o
 .bss           0x0000000000000000        0x0 d:/study app/stm32cubeide_1.7.0/stm32cubeide/plugins/com.st.stm32cube.ide.mcu.externaltools.gnu-tools-for-stm32.9-2020-q2-update.win32_2.0.0.202105311346/tools/bin/../lib/gcc/arm-none-eabi/9.3.1/thumb/v7-m/nofp/crti.o
 .data          0x0000000000000000        0x4 d:/study app/stm32cubeide_1.7.0/stm32cubeide/plugins/com.st.stm32cube.ide.mcu.externaltools.gnu-tools-for-stm32.9-2020-q2-update.win32_2.0.0.202105311346/tools/bin/../lib/gcc/arm-none-eabi/9.3.1/thumb/v7-m/nofp/crtbegin.o
 .text          0x0000000000000000       0x7c d:/study app/stm32cubeide_1.7.0/stm32cubeide/plugins/com.st.stm32cube.ide.mcu.externaltools.gnu-tools-for-stm32.9-2020-q2-update.win32_2.0.0.202105311346/tools/bin/../lib/gcc/arm-none-eabi/9.3.1/../../../../arm-none-eabi/lib/thumb/v7-m/nofp/crt0.o
 .data          0x0000000000000000        0x0 d:/study app/stm32cubeide_1.7.0/stm32cubeide/plugins/com.st.stm32cube.ide.mcu.externaltools.gnu-tools-for-stm32.9-2020-q2-update.win32_2.0.0.202105311346/tools/bin/../lib/gcc/arm-none-eabi/9.3.1/../../../../arm-none-eabi/lib/thumb/v7-m/nofp/crt0.o
[...]
Memory Configuration

Name             Origin             Length             Attributes
RAM              0x0000000020000000 0x0000000000002800 xrw
FLASH            0x0000000008000000 0x0000000000008000 xr
*default*        0x0000000000000000 0xffffffffffffffff

Linker script and memory map

LOAD d:/study app/stm32cubeide_1.7.0/stm32cubeide/plugins/com.st.stm32cube.ide.mcu.externaltools.gnu-tools-for-stm32.9-2020-q2-update.win32_2.0.0.202105311346/tools/bin/../lib/gcc/arm-none-eabi/9.3.1/thumb/v7-m/nofp/crti.o
LOAD d:/study app/stm32cubeide_1.7.0/stm32cubeide/plugins/com.st.stm32cube.ide.mcu.externaltools.gnu-tools-for-stm32.9-2020-q2-update.win32_2.0.0.202105311346/tools/bin/../lib/gcc/arm-none-eabi/9.3.1/thumb/v7-m/nofp/crtbegin.o
LOAD d:/study app/stm32cubeide_1.7.0/stm32cubeide/plugins/com.st.stm32cube.ide.mcu.externaltools.gnu-tools-for-stm32.9-2020-q2-update.win32_2.0.0.202105311346/tools/bin/../lib/gcc/arm-none-eabi/9.3.1/../../../../arm-none-eabi/lib/thumb/v7-m/nofp/crt0.o
LOAD ./Core/Src/FSM_automatic.o
LOAD ./Core/Src/FSM_display7SEG.o
LOAD ./Core/Src/FSM_traffic_light.o
LOAD ./Core/Src/button.o
LOAD ./Core/Src/display7SEG.o
LOAD ./Core/Src/global.o
LOAD ./Core/Src/main.o
LOAD ./Core/Src/scheduler.o
LOAD ./Core/Src/software_timer.o
LOAD ./Core/Src/stm32f1xx_hal_msp.o
LOAD ./Core/Src/stm32f1xx_it.o
LOAD ./Core/Src/syscalls.o
LOAD ./Core/Src/sysmem.o
LOAD ./Core/Src/system_stm32f1xx.o
LOAD ./Core/Src/traffic_light.o
LOAD ./Core/Startup/startup_stm32f103c6ux.o
LOAD ./Drivers/STM32F1xx_HAL_Driver/Src/stm32f1xx_hal.o
LOAD ./Drivers/STM32F1xx_HAL_Driver/Src/stm32f1xx_hal_cortex.o
LOAD ./Drivers/STM32F1xx_HAL_Driver/Src/stm32f1xx_hal_dma.o
LOAD ./Drivers/STM32F1xx_HAL_Driver/Src/stm32f1xx_hal_exti.o
LOAD ./Drivers/STM32F1xx_HAL_Driver/Src/stm32f1xx_hal_flash.o
LOAD ./Drivers/STM32F1xx_HAL_Driver/Src/stm32f1xx_hal_flash_ex.o
LOAD ./Drivers/STM32F1xx_HAL_Driver/Src/stm32f1xx_hal_gpio.o
LOAD ./Drivers/STM32F1xx_HAL_Driver/Src/stm32f1xx_hal_gpio_ex.o
LOAD ./Drivers/STM32F1xx_HAL_Driver/Src/stm32f1xx_hal_pwr.o
LOAD ./Drivers/STM32F1xx_HAL_Driver/Src/stm32f1xx_hal_rcc.o
LOAD ./Drivers/STM32F1xx_HAL_Driver/Src/stm32f1xx_hal_rcc_ex.o
LOAD ./Drivers/STM32F1xx_HAL_Driver/Src/stm32f1xx_hal_tim.o
LOAD ./Drivers/STM32F1xx_HAL_Driver/Src/stm32f1xx_hal_tim_ex.o
START GROUP
LOAD d:/study app/stm32cubeide_1.7.0/stm32cubeide/plugins/com.st.stm32cube.ide.mcu.externaltools.gnu-tools-for-stm32.9-2020-q2-update.win32_2.0.0.202105311346/tools/bin/../lib/gcc/arm-none-eabi/9.3.1/../../../../arm-none-eabi/lib/thumb/v7-m/nofp\libc_nano.a
LOAD d:/study app/stm32cubeide_1.7.0/stm32cubeide/plugins/com.st.stm32cube.ide.mcu.externaltools.gnu-tools-for-stm32.9-2020-q2-update.win32_2.0.0.202105311346/tools/bin/../lib/gcc/arm-none-eabi/9.3.1/../../../../arm-none-eabi/lib/thumb/v7-m/nofp\libm.a
END GROUP
START GROUP
LOAD d:/study app/stm32cubeide_1.7.0/stm32cubeide/plugins/com.st.stm32cube.ide.mcu.externaltools.gnu-tools-for-stm32.9-2020-q2-update.win32_2.0.0.202105311346/tools/bin/../lib/gcc/arm-none-eabi/9.3.1/thumb/v7-m/nofp\libgcc.a
LOAD d:/study app/stm32cubeide_1.7.0/stm32cubeide/plugins/com.st.stm32cube.ide.mcu.externaltools.gnu-tools-for-stm32.9-2020-q2-update.win32_2.0.0.202105311346/tools/bin/../lib/gcc/arm-none-eabi/9.3.1/../../../../arm-none-eabi/lib/thumb/v7-m/nofp\libc_nano.a
END GROUP
START GROUP
LOAD d:/study app/stm32cubeide_1.7.0/stm32cubeide/plugins/com.st.stm32cube.ide.mcu.externaltools.gnu-tools-for-stm32.9-2020-q2-update.win32_2.0.0.202105311346/tools/bin/../lib/gcc/arm-none-eabi/9.3.1/thumb/v7-m/nofp\libgcc.a
LOAD d:/study app/stm32cubeide_1.7.0/stm32cubeide/plugins/com.st.stm32cube.ide.mcu.externaltools.gnu-tools-for-stm32.9-2020-q2-update.win32_2.0.0.202105311346/tools/bin/../lib/gcc/arm-none-eabi/9.3.1/../../../../arm-none-eabi/lib/thumb/v7-m/nofp\libc_nano.a
LOAD d:/study app/stm32cubeide_1.7.0/stm32cubeide/plugins/com.st.stm32cube.ide.mcu.externaltools.gnu-tools-for-stm32.9-2020-q2-update.win32_2.0.0.202105311346/tools/bin/../lib/gcc/arm-none-eabi/9.3.1/../../../../arm-none-eabi/lib/thumb/v7-m/nofp\libnosys.a
END GROUP
START GROUP
LOAD d:/study app/stm32cubeide_1.7.0/stm32cubeide/plugins/com.st.stm32cube.ide.mcu.externaltools.gnu-tools-for-stm32.9-2020-q2-update.win32_2.0.0.202105311346/tools/bin/../lib/gcc/arm-none-eabi/9.3.1/thumb/v7-m/nofp\libgcc.a
LOAD d:/study app/stm32cubeide_1.7.0/stm32cubeide/plugins/com.st.stm32cube.ide.mcu.externaltools.gnu-tools-for-stm32.9-2020-q2-update.win32_2.0.0.202105311346/tools/bin/../lib/gcc/arm-none-eabi/9.3.1/../../../../arm-none-eabi/lib/thumb/v7-m/nofp\libc_nano.a
LOAD d:/study app/stm32cubeide_1.7.0/stm32cubeide/plugins/com.st.stm32cube.ide.mcu.externaltools.gnu-tools-for-stm32.9-2020-q2-update.win32_2.0.0.202105311346/tools/bin/../lib/gcc/arm-none-eabi/9.3.1/../../../../arm-none-eabi/lib/thumb/v7-m/nofp\libnosys.a
END GROUP
LOAD d:/study app/stm32cubeide_1.7.0/stm32cubeide/plugins/com.st.stm32cube.ide.mcu.externaltools.gnu-tools-for-stm32.9-2020-q2-update.win32_2.0.0.202105311346/tools/bin/../lib/gcc/arm-none-eabi/9.3.1/thumb/v7-m/nofp/crtend.o
LOAD d:/study app/stm32cubeide_1.7.0/stm32cubeide/plugins/com.st.stm32cube.ide.mcu.externaltools.gnu-tools-for-stm32.9-2020-q2-update.win32_2.0.0.202105311346/tools/bin/../lib/gcc/arm-none-eabi/9.3.1/thumb/v7-m/nofp/crtn.o
                0x0000000020002800                _estack = (ORIGIN (RAM) + LENGTH (RAM))
                0x0000000000000200                _Min_Heap_Size = 0x200
                0x0000000000000400                _Min_Stack_Size = 0x400

.isr_vector     0x0000000008000000      0x10c
                0x0000000008000000                . = ALIGN (0x4)
 *(.isr_vector)
 .isr_vector    0x0000000008000000      0x10c ./Core/Startup/startup_stm32f103c6ux.o
                0x0000000008000000                g_pfnVectors
                0x000000000800010c                . = ALIGN (0x4)

.text           0x000000000800010c     0x39c4
                0x000000000800010c                . = ALIGN (0x4)
 *(.text)
 .text          0x000000000800010c       0x40 d:/study app/stm32cubeide_1.7.0/stm32cubeide/plugins/com.st.stm32cube.ide.mcu.externaltools.gnu-tools-for-stm32.9-2020-q2-update.win32_2.0.0.202105311346/tools/bin/../lib/gcc/arm-none-eabi/9.3.1/thumb/v7-m/nofp/crtbegin.o
 *(.text*)
 .text.FSM_automatic_run_0
                0x000000000800014c      0x290 ./Core/Src/FSM_automatic.o
                0x000000000800014c                FSM_automatic_run_0
 .text.FSM_automatic_run_1
                0x00000000080003dc      0x294 ./Core/Src/FSM_automatic.o
                0x00000000080003dc                FSM_automatic_run_1
 .text.FSM_automatic_run
                0x0000000008000670       0x10 ./Core/Src/FSM_automatic.o
                0x0000000008000670                FSM_automatic_run
 .text.FSM_display7SEG_0
                0x0000000008000680      0x1a0 ./Core/Src/FSM_display7SEG.o
                0x0000000008000680                FSM_display7SEG_0
 .text.FSM_display7SEG_1
                0x0000000008000820      0x220 ./Core/Src/FSM_display7SEG.o
                0x0000000008000820                FSM_display7SEG_1
 .text.FSM_TL_control_run
                0x0000000008000a40      0x2ac ./Core/Src/FSM_traffic_light.o
                0x0000000008000a40                FSM_TL_control_run
 .text.isButton0Pressed
                0x0000000008000cec       0x24 ./Core/Src/button.o
                0x0000000008000cec                isButton0Pressed
 .text.isButton1Pressed
                0x0000000008000d10       0x24 ./Core/Src/button.o
                0x0000000008000d10                isButton1Pressed
 .text.isButton2Pressed
                0x0000000008000d34       0x24 ./Core/Src/button.o
                0x0000000008000d34                isButton2Pressed
 .text.getKeyInput0
                0x0000000008000d58       0xbc ./Core/Src/button.o
                0x0000000008000d58                getKeyInput0
 .text.getKeyInput1
                0x0000000008000e14       0xb0 ./Core/Src/button.o
                0x0000000008000e14                getKeyInput1
 .text.getKeyInput2
                0x0000000008000ec4       0xb0 ./Core/Src/button.o
                0x0000000008000ec4                getKeyInput2
 .text.display7SEG_0
                0x0000000008000f74      0x31c ./Core/Src/display7SEG.o
                0x0000000008000f74                display7SEG_0
 .text.display7SEG_1
                0x0000000008001290      0x394 ./Core/Src/display7SEG.o
                0x0000000008001290                display7SEG_1
 .text.update7SEG_0
                0x0000000008001624       0x70 ./Core/Src/display7SEG.o
                0x0000000008001624                update7SEG_0
 .text.update7SEG_1
                0x0000000008001694       0x70 ./Core/Src/display7SEG.o
                0x0000000008001694                update7SEG_1
 .text.Task_getKeyInput
                0x0000000008001704       0x14 ./Core/Src/main.o
                0x0000000008001704                Task_getKeyInput
 .text.Task_TrafficLight_controller
                0x0000000008001718       0x10 ./Core/Src/main.o
                0x0000000008001718                Task_TrafficLight_controller
 .text.Task_Display7SEG
                0x0000000008001728       0x10 ./Core/Src/main.o
                0x0000000008001728                Task_Display7SEG
 .text.Task_LedBlinky
                0x0000000008001738       0x14 ./Core/Src/main.o
                0x0000000008001738                Task_LedBlinky
 .text.main     0x000000000800174c       0xa0 ./Core/Src/main.o
                0x000000000800174c                main
 .text.SystemClock_Config
                0x00000000080017ec       0x76 ./Core/Src/main.o
                0x00000000080017ec                SystemClock_Config
 *fill*         0x0000000008001862        0x2 
 .text.MX_TIM2_Init
                0x0000000008001864       0x98 ./Core/Src/main.o
 .text.MX_GPIO_Init
                0x00000000080018fc       0xc4 ./Core/Src/main.o
 .text.HAL_TIM_PeriodElapsedCallback
                0x00000000080019c0       0x14 ./Core/Src/main.o
                0x00000000080019c0                HAL_TIM_PeriodElapsedCallback
 .text.Error_Handler
                0x00000000080019d4        0xa ./Core/Src/main.o
                0x00000000080019d4                Error_Handler
 *fill*         0x00000000080019de        0x2 
 .text.getNewTaskID
                0x00000000080019e0       0x30 ./Core/Src/scheduler.o
 .text.SCH_Init
                0x0000000008001a10       0x8c ./Core/Src/scheduler.o
                0x0000000008001a10                SCH_Init
 .text.SCH_Update
                0x0000000008001a9c       0x40 ./Core/Src/scheduler.o
                0x0000000008001a9c                SCH_Update
 .text.SCH_Add_Task
                0x0000000008001adc      0x2d8 ./Core/Src/scheduler.o
                0x0000000008001adc                SCH_Add_Task
 .text.SCH_Dispatch_Tasks
                0x0000000008001db4       0x50 ./Core/Src/scheduler.o
                0x0000000008001db4                SCH_Dispatch_Tasks
 .text.SCH_Delete_Task
                0x0000000008001e04      0x1dc ./Core/Src/scheduler.o
                0x0000000008001e04                SCH_Delete_Task
 .text.setTimer
                0x0000000008001fe0       0x3c ./Core/Src/software_timer.o
                0x0000000008001fe0                setTimer
 .text.subTimerRun
                0x000000000800201c       0x50 ./Core/Src/software_timer.o
                0x000000000800201c                subTimerRun
 .text.timerRun
                0x000000000800206c       0x3e ./Core/Src/software_timer.o
                0x000000000800206c                timerRun
 *fill*         0x00000000080020aa        0x2 
 .text.HAL_MspInit
                0x00000000080020ac       0x64 ./Core/Src/stm32f1xx_hal_msp.o
                0x00000000080020ac                HAL_MspInit
 .text.HAL_TIM_Base_MspInit
                0x0000000008002110       0x48 ./Core/Src/stm32f1xx_hal_msp.o
                0x0000000008002110                HAL_TIM_Base_MspInit
 .text.NMI_Handler
                0x0000000008002158        0x6 ./Core/Src/stm32f1xx_it.o
                0x0000000008002158                NMI_Handler
 .text.HardFault_Handler
                0x000000000800215e        0x6 ./Core/Src/stm32f1xx_it.o
                0x000000000800215e                HardFault_Handler
 .text.MemManage_Handler
                0x0000000008002164        0x6 ./Core/Src/stm32f1xx_it.o
                0x0000000008002164                MemManage_Handler
 .text.BusFault_Handler
                0x000000000800216a        0x6 ./Core/Src/stm32f1xx_it.o
                0x000000000800216a                BusFault_Handler
 .text.UsageFault_Handler
                0x0000000008002170        0x6 ./Core/Src/stm32f1xx_it.o
                0x0000000008002170                UsageFault_Handler
 .text.SVC_Handler
                0x0000000008002176        0xc ./Core/Src/stm32f1xx_it.o
                0x0000000008002176                SVC_Handler
 .text.DebugMon_Handler
                0x0000000008002182        0xc ./Core/Src/stm32f1xx_it.o
                0x0000000008002182                DebugMon_Handler
 .text.PendSV_Handler
                0x000000000800218e        0xc ./Core/Src/stm32f1xx_it.o
                0x000000000800218e                PendSV_Handler
 .text.SysTick_Handler
                0x000000000800219a        0xc ./Core/Src/stm32f1xx_it.o
                0x000000000800219a                SysTick_Handler
 *fill*         0x00000000080021a6        0x2 
 .text.TIM2_IRQHandler
                0x00000000080021a8       0x14 ./Core/Src/stm32f1xx_it.o
                0x00000000080021a8                TIM2_IRQHandler
 .text.SystemInit
                0x00000000080021bc        0xc ./Core/Src/system_stm32f1xx.o
                0x00000000080021bc                SystemInit
 .text.setRed_0
                0x00000000080021c8       0x2c ./Core/Src/traffic_light.o
                0x00000000080021c8                setRed_0
 .text.setYellow_0
                0x00000000080021f4       0x2c ./Core/Src/traffic_light.o
                0x00000000080021f4                setYellow_0
 .text.setGreen_0
                0x0000000008002220       0x2c ./Core/Src/traffic_light.o
                0x0000000008002220                setGreen_0
 .text.setRed_1
                0x000000000800224c       0x30 ./Core/Src/traffic_light.o
                0x000000000800224c                setRed_1
 .text.setYellow_1
                0x000000000800227c       0x30 ./Core/Src/traffic_light.o
                0x000000000800227c                setYellow_1
 .text.setGreen_1
                0x00000000080022ac       0x30 ./Core/Src/traffic_light.o
                0x00000000080022ac                setGreen_1
 .text.Modify_RedLed_0
                0x00000000080022dc       0x2c ./Core/Src/traffic_light.o
                0x00000000080022dc                Modify_RedLed_0
 .text.Modify_YellowLed_0
                0x0000000008002308       0x2c ./Core/Src/traffic_light.o
                0x0000000008002308                Modify_YellowLed_0
 .text.Modify_GreenLed_0
                0x0000000008002334       0x2c ./Core/Src/traffic_light.o
                0x0000000008002334                Modify_GreenLed_0
 .text.Modify_RedLed_1
                0x0000000008002360       0x30 ./Core/Src/traffic_light.o
                0x0000000008002360                Modify_RedLed_1
 .text.Modify_YellowLed_1
                0x0000000008002390       0x30 ./Core/Src/traffic_light.o
                0x0000000008002390                Modify_YellowLed_1
 .text.Modify_GreenLed_1
                0x00000000080023c0       0x30 ./Core/Src/traffic_light.o
                0x00000000080023c0                Modify_GreenLed_1
 .text.reset_All_Led
                0x00000000080023f0       0x50 ./Core/Src/traffic_light.o
                0x00000000080023f0                reset_All_Led
 .text.Reset_Handler
                0x0000000008002440       0x48 ./Core/Startup/startup_stm32f103c6ux.o
                0x0000000008002440                Reset_Handler
 .text.Default_Handler
                0x0000000008002488        0x2 ./Core/Startup/startup_stm32f103c6ux.o
                0x0000000008002488                RTC_Alarm_IRQHandler
                0x0000000008002488                EXTI2_IRQHandler
                0x0000000008002488                TIM1_CC_IRQHandler
                0x0000000008002488                PVD_IRQHandler
                0x0000000008002488                EXTI3_IRQHandler
                0x0000000008002488                EXTI0_IRQHandler
                0x0000000008002488                ADC1_2_IRQHandler
                0x0000000008002488                SPI1_IRQHandler
                0x0000000008002488                TAMPER_IRQHandler
                0x0000000008002488                DMA1_Channel4_IRQHandler
                0x0000000008002488                RTC_IRQHandler
                0x0000000008002488                DMA1_Channel7_IRQHandler
                0x0000000008002488                CAN1_RX1_IRQHandler
                0x0000000008002488                I2C1_EV_IRQHandler
                0x0000000008002488                DMA1_Channel6_IRQHandler
                0x0000000008002488                TIM3_IRQHandler
                0x0000000008002488                RCC_IRQHandler
                0x0000000008002488                TIM1_TRG_COM_IRQHandler
                0x0000000008002488                DMA1_Channel1_IRQHandler
                0x0000000008002488                Default_Handler
                0x0000000008002488                EXTI15_10_IRQHandler
                0x0000000008002488                EXTI9_5_IRQHandler
                0x0000000008002488                DMA1_Channel5_IRQHandler
                0x0000000008002488                EXTI4_IRQHandler
                0x0000000008002488                USB_LP_CAN1_RX0_IRQHandler
                0x0000000008002488                USB_HP_CAN1_TX_IRQHandler
                0x0000000008002488                DMA1_Channel3_IRQHandler
                0x0000000008002488                TIM1_UP_IRQHandler
                0x0000000008002488                WWDG_IRQHandler
                0x0000000008002488                TIM1_BRK_IRQHandler
                0x0000000008002488                EXTI1_IRQHandler
                0x0000000008002488                USART2_IRQHandler
                0x0000000008002488                DMA1_Channel2_IRQHandler
                0x0000000008002488                CAN1_SCE_IRQHandler
                0x0000000008002488                FLASH_IRQHandler
                0x0000000008002488                USART1_IRQHandler
                0x0000000008002488                I2C1_ER_IRQHandler
                0x0000000008002488                USBWakeUp_IRQHandler
 *fill*         0x000000000800248a        0x2 
 .text.HAL_Init
                0x000000000800248c       0x2c ./Drivers/STM32F1xx_HAL_Driver/Src/stm32f1xx_hal.o
                0x000000000800248c                HAL_Init
 .text.HAL_InitTick
                0x00000000080024b8       0x60 ./Drivers/STM32F1xx_HAL_Driver/Src/stm32f1xx_hal.o
                0x00000000080024b8                HAL_InitTick
 .text.HAL_IncTick
                0x0000000008002518       0x24 ./Drivers/STM32F1xx_HAL_Driver/Src/stm32f1xx_hal.o
                0x0000000008002518                HAL_IncTick
 .text.HAL_GetTick
                0x000000000800253c       0x14 ./Drivers/STM32F1xx_HAL_Driver/Src/stm32f1xx_hal.o
                0x000000000800253c                HAL_GetTick
 .text.__NVIC_SetPriorityGrouping
                0x0000000008002550       0x48 ./Drivers/STM32F1xx_HAL_Driver/Src/stm32f1xx_hal_cortex.o
 .text.__NVIC_GetPriorityGrouping
                0x0000000008002598       0x1c ./Drivers/STM32F1xx_HAL_Driver/Src/stm32f1xx_hal_cortex.o
 .text.__NVIC_EnableIRQ
                0x00000000080025b4       0x38 ./Drivers/STM32F1xx_HAL_Driver/Src/stm32f1xx_hal_cortex.o
 .text.__NVIC_SetPriority
                0x00000000080025ec       0x54 ./Drivers/STM32F1xx_HAL_Driver/Src/stm32f1xx_hal_cortex.o
 .text.NVIC_EncodePriority
                0x0000000008002640       0x64 ./Drivers/STM32F1xx_HAL_Driver/Src/stm32f1xx_hal_cortex.o
 .text.SysTick_Config
                0x00000000080026a4       0x44 ./Drivers/STM32F1xx_HAL_Driver/Src/stm32f1xx_hal_cortex.o
 .text.HAL_NVIC_SetPriorityGrouping
                0x00000000080026e8       0x16 ./Drivers/STM32F1xx_HAL_Driver/Src/stm32f1xx_hal_cortex.o
                0x00000000080026e8                HAL_NVIC_SetPriorityGrouping
 .text.HAL_NVIC_SetPriority
                0x00000000080026fe       0x38 ./Drivers/STM32F1xx_HAL_Driver/Src/stm32f1xx_hal_cortex.o
                0x00000000080026fe                HAL_NVIC_SetPriority
 .text.HAL_NVIC_EnableIRQ
                0x0000000008002736       0x1c ./Drivers/STM32F1xx_HAL_Driver/Src/stm32f1xx_hal_cortex.o
                0x0000000008002736                HAL_NVIC_EnableIRQ
 .text.HAL_SYSTICK_Config
                0x0000000008002752       0x18 ./Drivers/STM32F1xx_HAL_Driver/Src/stm32f1xx_hal_cortex.o
                0x0000000008002752                HAL_SYSTICK_Config
 *fill*         0x000000000800276a        0x2 
 .text.HAL_GPIO_Init
                0x000000000800276c      0x2f4 ./Drivers/STM32F1xx_HAL_Driver/Src/stm32f1xx_hal_gpio.o
                0x000000000800276c                HAL_GPIO_Init
 .text.HAL_GPIO_ReadPin
                0x0000000008002a60       0x2e ./Drivers/STM32F1xx_HAL_Driver/Src/stm32f1xx_hal_gpio.o
                0x0000000008002a60                HAL_GPIO_ReadPin
 .text.HAL_GPIO_WritePin
                0x0000000008002a8e       0x30 ./Drivers/STM32F1xx_HAL_Driver/Src/stm32f1xx_hal_gpio.o
                0x0000000008002a8e                HAL_GPIO_WritePin
 .text.HAL_GPIO_TogglePin
                0x0000000008002abe       0x32 ./Drivers/STM32F1xx_HAL_Driver/Src/stm32f1xx_hal_gpio.o
                0x0000000008002abe                HAL_GPIO_TogglePin
 .text.HAL_RCC_OscConfig
                0x0000000008002af0      0x500 ./Drivers/STM32F1xx_HAL_Driver/Src/stm32f1xx_hal_rcc.o
                0x0000000008002af0                HAL_RCC_OscConfig
 .text.HAL_RCC_ClockConfig
                0x0000000008002ff0      0x1d4 ./Drivers/STM32F1xx_HAL_Driver/Src/stm32f1xx_hal_rcc.o
                0x0000000008002ff0                HAL_RCC_ClockConfig
 .text.HAL_RCC_GetSysClockFreq
                0x00000000080031c4       0xa8 ./Drivers/STM32F1xx_HAL_Driver/Src/stm32f1xx_hal_rcc.o
                0x00000000080031c4                HAL_RCC_GetSysClockFreq
 .text.RCC_Delay
                0x000000000800326c       0x3c ./Drivers/STM32F1xx_HAL_Driver/Src/stm32f1xx_hal_rcc.o
 .text.HAL_TIM_Base_Init
                0x00000000080032a8       0x9e ./Drivers/STM32F1xx_HAL_Driver/Src/stm32f1xx_hal_tim.o
                0x00000000080032a8                HAL_TIM_Base_Init
 *fill*         0x0000000008003346        0x2 
 .text.HAL_TIM_Base_Start_IT
                0x0000000008003348       0x98 ./Drivers/STM32F1xx_HAL_Driver/Src/stm32f1xx_hal_tim.o
                0x0000000008003348                HAL_TIM_Base_Start_IT
 .text.HAL_TIM_IRQHandler
                0x00000000080033e0      0x1e0 ./Drivers/STM32F1xx_HAL_Driver/Src/stm32f1xx_hal_tim.o
                0x00000000080033e0                HAL_TIM_IRQHandler
 .text.HAL_TIM_ConfigClockSource
                0x00000000080035c0      0x18e ./Drivers/STM32F1xx_HAL_Driver/Src/stm32f1xx_hal_tim.o
                0x00000000080035c0                HAL_TIM_ConfigClockSource
 .text.HAL_TIM_OC_DelayElapsedCallback
                0x000000000800374e       0x12 ./Drivers/STM32F1xx_HAL_Driver/Src/stm32f1xx_hal_tim.o
                0x000000000800374e                HAL_TIM_OC_DelayElapsedCallback
 .text.HAL_TIM_IC_CaptureCallback
                0x0000000008003760       0x12 ./Drivers/STM32F1xx_HAL_Driver/Src/stm32f1xx_hal_tim.o
                0x0000000008003760                HAL_TIM_IC_CaptureCallback
 .text.HAL_TIM_PWM_PulseFinishedCallback
                0x0000000008003772       0x12 ./Drivers/STM32F1xx_HAL_Driver/Src/stm32f1xx_hal_tim.o
                0x0000000008003772                HAL_TIM_PWM_PulseFinishedCallback
 .text.HAL_TIM_TriggerCallback
                0x0000000008003784       0x12 ./Drivers/STM32F1xx_HAL_Driver/Src/stm32f1xx_hal_tim.o
                0x0000000008003784                HAL_TIM_TriggerCallback
 *fill*         0x0000000008003796        0x2 
 .text.TIM_Base_SetConfig
                0x0000000008003798       0xc8 ./Drivers/STM32F1xx_HAL_Driver/Src/stm32f1xx_hal_tim.o
                0x0000000008003798                TIM_Base_SetConfig
 .text.TIM_TI1_ConfigInputStage
                0x0000000008003860       0x5c ./Drivers/STM32F1xx_HAL_Driver/Src/stm32f1xx_hal_tim.o
 .text.TIM_TI2_ConfigInputStage
                0x00000000080038bc       0x5e ./Drivers/STM32F1xx_HAL_Driver/Src/stm32f1xx_hal_tim.o
 .text.TIM_ITRx_SetConfig
                0x000000000800391a       0x34 ./Drivers/STM32F1xx_HAL_Driver/Src/stm32f1xx_hal_tim.o
 .text.TIM_ETR_SetConfig
                0x000000000800394e       0x3e ./Drivers/STM32F1xx_HAL_Driver/Src/stm32f1xx_hal_tim.o
                0x000000000800394e                TIM_ETR_SetConfig
 .text.HAL_TIMEx_MasterConfigSynchronization
                0x000000000800398c       0xb0 ./Drivers/STM32F1xx_HAL_Driver/Src/stm32f1xx_hal_tim_ex.o
                0x000000000800398c                HAL_TIMEx_MasterConfigSynchronization
 .text.HAL_TIMEx_CommutCallback
                0x0000000008003a3c       0x12 ./Drivers/STM32F1xx_HAL_Driver/Src/stm32f1xx_hal_tim_ex.o
                0x0000000008003a3c                HAL_TIMEx_CommutCallback
 .text.HAL_TIMEx_BreakCallback
                0x0000000008003a4e       0x12 ./Drivers/STM32F1xx_HAL_Driver/Src/stm32f1xx_hal_tim_ex.o
                0x0000000008003a4e                HAL_TIMEx_BreakCallback
 .text.__libc_init_array
                0x0000000008003a60       0x48 d:/study app/stm32cubeide_1.7.0/stm32cubeide/plugins/com.st.stm32cube.ide.mcu.externaltools.gnu-tools-for-stm32.9-2020-q2-update.win32_2.0.0.202105311346/tools/bin/../lib/gcc/arm-none-eabi/9.3.1/../../../../arm-none-eabi/lib/thumb/v7-m/nofp\libc_nano.a(lib_a-init.o)
                0x0000000008003a60                __libc_init_array
 .text.memset   0x0000000008003aa8       0x10 d:/study app/stm32cubeide_1.7.0/stm32cubeide/plugins/com.st.stm32cube.ide.mcu.externaltools.gnu-tools-for-stm32.9-2020-q2-update.win32_2.0.0.202105311346/tools/bin/../lib/gcc/arm-none-eabi/9.3.1/../../../../arm-none-eabi/lib/thumb/v7-m/nofp\libc_nano.a(lib_a-memset.o)
                0x0000000008003aa8                memset
 *(.glue_7)
 .glue_7        0x0000000008003ab8        0x0 linker stubs
 *(.glue_7t)
 .glue_7t       0x0000000008003ab8        0x0 linker stubs
 *(.eh_frame)
 .eh_frame      0x0000000008003ab8        0x0 d:/study app/stm32cubeide_1.7.0/stm32cubeide/plugins/com.st.stm32cube.ide.mcu.externaltools.gnu-tools-for-stm32.9-2020-q2-update.win32_2.0.0.202105311346/tools/bin/../lib/gcc/arm-none-eabi/9.3.1/thumb/v7-m/nofp/crtbegin.o
 *(.init)
 .init          0x0000000008003ab8        0x4 d:/study app/stm32cubeide_1.7.0/stm32cubeide/plugins/com.st.stm32cube.ide.mcu.externaltools.gnu-tools-for-stm32.9-2020-q2-update.win32_2.0.0.202105311346/tools/bin/../lib/gcc/arm-none-eabi/9.3.1/thumb/v7-m/nofp/crti.o
                0x0000000008003ab8                _init
 .init          0x0000000008003abc        0x8 d:/study app/stm32cubeide_1.7.0/stm32cubeide/plugins/com.st.stm32cube.ide.mcu.externaltools.gnu-tools-for-stm32.9-2020-q2-update.win32_2.0.0.202105311346/tools/bin/../lib/gcc/arm-none-eabi/9.3.1/thumb/v7-m/nofp/crtn.o
 *(.fini)
 .fini          0x0000000008003ac4        0x4 d:/study app/stm32cubeide_1.7.0/stm32cubeide/plugins/com.st.stm32cube.ide.mcu.externaltools.gnu-tools-for-stm32.9-2020-q2-update.win32_2.0.0.202105311346/tools/bin/../lib/gcc/arm-none-eabi/9.3.1/thumb/v7-m/nofp/crti.o
                0x0000000008003ac4                _fini
 .fini          0x0000000008003ac8        0x8 d:/study app/stm32cubeide_1.7.0/stm32cubeide/plugins/com.st.stm32cube.ide.mcu.externaltools.gnu-tools-for-stm32.9-2020-q2-update.win32_2.0.0.202105311346/tools/bin/../lib/gcc/arm-none-eabi/9.3.1/thumb/v7-m/nofp/crtn.o
                0x0000000008003ad0                . = ALIGN (0x4)
                0x0000000008003ad0                _etext = .

.vfp11_veneer   0x0000000008003ad0        0x0
 .vfp11_veneer  0x0000000008003ad0        0x0 linker stubs

.v4_bx          0x0000000008003ad0        0x0
 .v4_bx         0x0000000008003ad0        0x0 linker stubs

.iplt           0x0000000008003ad0        0x0
 .iplt          0x0000000008003ad0        0x0 d:/study app/stm32cubeide_1.7.0/stm32cubeide/plugins/com.st.stm32cube.ide.mcu.externaltools.gnu-tools-for-stm32.9-2020-q2-update.win32_2.0.0.202105311346/tools/bin/../lib/gcc/arm-none-eabi/9.3.1/thumb/v7-m/nofp/crtbegin.o

.rodata         0x0000000008003ad0       0x24
                0x0000000008003ad0                . = ALIGN (0x4)
 *(.rodata)
 *(.rodata*)
 .rodata.AHBPrescTable
                0x0000000008003ad0       0x10 ./Core/Src/system_stm32f1xx.o
                0x0000000008003ad0                AHBPrescTable
 .rodata.aPLLMULFactorTable.6032
                0x0000000008003ae0       0x10 ./Drivers/STM32F1xx_HAL_Driver/Src/stm32f1xx_hal_rcc.o
 .rodata.aPredivFactorTable.6033
                0x0000000008003af0        0x2 ./Drivers/STM32F1xx_HAL_Driver/Src/stm32f1xx_hal_rcc.o
                0x0000000008003af4                . = ALIGN (0x4)
 *fill*         0x0000000008003af2        0x2 

.rel.dyn        0x0000000008003af4        0x0
 .rel.iplt      0x0000000008003af4        0x0 d:/study app/stm32cubeide_1.7.0/stm32cubeide/plugins/com.st.stm32cube.ide.mcu.externaltools.gnu-tools-for-stm32.9-2020-q2-update.win32_2.0.0.202105311346/tools/bin/../lib/gcc/arm-none-eabi/9.3.1/thumb/v7-m/nofp/crtbegin.o

.ARM.extab      0x0000000008003af4        0x0
                0x0000000008003af4                . = ALIGN (0x4)
 *(.ARM.extab* .gnu.linkonce.armextab.*)
                0x0000000008003af4                . = ALIGN (0x4)

.ARM            0x0000000008003af4        0x0
                0x0000000008003af4                . = ALIGN (0x4)
                0x0000000008003af4                __exidx_start = .
 *(.ARM.exidx*)
                0x0000000008003af4                __exidx_end = .
                0x0000000008003af4                . = ALIGN (0x4)

.preinit_array  0x0000000008003af4        0x0
                0x0000000008003af4                . = ALIGN (0x4)
                0x0000000008003af4                PROVIDE (__preinit_array_start = .)
 *(.preinit_array*)
                0x0000000008003af4                PROVIDE (__preinit_array_end = .)
                0x0000000008003af4                . = ALIGN (0x4)

.init_array     0x0000000008003af4        0x4
                0x0000000008003af4                . = ALIGN (0x4)
                0x0000000008003af4                PROVIDE (__init_array_start = .)
 *(SORT_BY_NAME(.init_array.*))
 *(.init_array*)
 .init_array    0x0000000008003af4        0x4 d:/study app/stm32cubeide_1.7.0/stm32cubeide/plugins/com.st.stm32cube.ide.mcu.externaltools.gnu-tools-for-stm32.9-2020-q2-update.win32_2.0.0.202105311346/tools/bin/../lib/gcc/arm-none-eabi/9.3.1/thumb/v7-m/nofp/crtbegin.o
                0x0000000008003af8                PROVIDE (__init_array_end = .)
                0x0000000008003af8                . = ALIGN (0x4)

.fini_array     0x0000000008003af8        0x4
                0x0000000008003af8                . = ALIGN (0x4)
                [!provide]                        PROVIDE (__fini_array_start = .)
 *(SORT_BY_NAME(.fini_array.*))
 *(.fini_array*)
 .fini_array    0x0000000008003af8        0x4 d:/study app/stm32cubeide_1.7.0/stm32cubeide/plugins/com.st.stm32cube.ide.mcu.externaltools.gnu-tools-for-stm32.9-2020-q2-update.win32_2.0.0.202105311346/tools/bin/../lib/gcc/arm-none-eabi/9.3.1/thumb/v7-m/nofp/crtbegin.o
                [!provide]                        PROVIDE (__fini_array_end = .)
                0x0000000008003afc                . = ALIGN (0x4)
                0x0000000008003afc                _sidata = LOADADDR (.data)

.data           0x0000000020000000       0x7c load address 0x0000000008003afc
                0x0000000020000000                . = ALIGN (0x4)
                0x0000000020000000                _sdata = .
 *(.data)
 *(.data*)
 .data.status_7SEG_0
                0x0000000020000000        0x4 ./Core/Src/FSM_display7SEG.o
                0x0000000020000000                status_7SEG_0
 .data.status_7SEG_1
                0x0000000020000004        0x4 ./Core/Src/FSM_display7SEG.o
                0x0000000020000004                status_7SEG_1
 .data.KeyReg0  0x0000000020000008        0xc ./Core/Src/button.o
                0x0000000020000008                KeyReg0
 .data.KeyReg1  0x0000000020000014        0xc ./Core/Src/button.o
                0x0000000020000014                KeyReg1
 .data.KeyReg2  0x0000000020000020        0xc ./Core/Src/button.o
                0x0000000020000020                KeyReg2
 .data.KeyReg3  0x000000002000002c        0xc ./Core/Src/button.o
                0x000000002000002c                KeyReg3
 .data.timerForKeyPress
                0x0000000020000038        0x4 ./Core/Src/button.o
                0x0000000020000038                timerForKeyPress
 .data.mode     0x000000002000003c        0x4 ./Core/Src/global.o
                0x000000002000003c                mode
 .data.TL_status
                0x0000000020000040        0x4 ./Core/Src/global.o
                0x0000000020000040                TL_status
 .data.TL_status_1
                0x0000000020000044        0x4 ./Core/Src/global.o
                0x0000000020000044                TL_status_1
 .data.red_timer
                0x0000000020000048        0x4 ./Core/Src/global.o
                0x0000000020000048                red_timer
 .data.yellow_timer
                0x000000002000004c        0x4 ./Core/Src/global.o
                0x000000002000004c                yellow_timer
 .data.green_timer
                0x0000000020000050        0x4 ./Core/Src/global.o
                0x0000000020000050                green_timer
 .data.temp_red_timer
                0x0000000020000054        0x4 ./Core/Src/global.o
                0x0000000020000054                temp_red_timer
 .data.temp_yellow_timer
                0x0000000020000058        0x4 ./Core/Src/global.o
                0x0000000020000058                temp_yellow_timer
 .data.temp_green_timer
                0x000000002000005c        0x4 ./Core/Src/global.o
                0x000000002000005c                temp_green_timer
 .data.temp_red_timer_1
                0x0000000020000060        0x4 ./Core/Src/global.o
                0x0000000020000060                temp_red_timer_1
 .data.temp_yellow_timer_1
                0x0000000020000064        0x4 ./Core/Src/global.o
                0x0000000020000064                temp_yellow_timer_1
 .data.temp_green_timer_1
                0x0000000020000068        0x4 ./Core/Src/global.o
                0x0000000020000068                temp_green_timer_1
 .data.TICK     0x000000002000006c        0x4 ./Core/Src/software_timer.o
                0x000000002000006c                TICK
 .data.SystemCoreClock
                0x0000000020000070        0x4 ./Core/Src/system_stm32f1xx.o
                0x0000000020000070                SystemCoreClock
 .data.uwTickPrio
                0x0000000020000074        0x4 ./Drivers/STM32F1xx_HAL_Driver/Src/stm32f1xx_hal.o
                0x0000000020000074                uwTickPrio
 .data.uwTickFreq
                0x0000000020000078        0x1 ./Drivers/STM32F1xx_HAL_Driver/Src/stm32f1xx_hal.o
                0x0000000020000078                uwTickFreq
 *(.RamFunc)
 *(.RamFunc*)
                0x000000002000007c                . = ALIGN (0x4)
 *fill*         0x0000000020000079        0x3 
                0x000000002000007c                _edata = .

.igot.plt       0x000000002000007c        0x0 load address 0x0000000008003b78
 .igot.plt      0x000000002000007c        0x0 d:/study app/stm32cubeide_1.7.0/stm32cubeide/plugins/com.st.stm32cube.ide.mcu.externaltools.gnu-tools-for-stm32.9-2020-q2-update.win32_2.0.0.202105311346/tools/bin/../lib/gcc/arm-none-eabi/9.3.1/thumb/v7-m/nofp/crtbegin.o
                0x000000002000007c                . = ALIGN (0x4)

.bss            0x000000002000007c      0x268 load address 0x0000000008003b78
                0x000000002000007c                _sbss = .
                0x000000002000007c                __bss_start__ = _sbss
 *(.bss)
 .bss           0x000000002000007c       0x1c d:/study app/stm32cubeide_1.7.0/stm32cubeide/plugins/com.st.stm32cube.ide.mcu.externaltools.gnu-tools-for-stm32.9-2020-q2-update.win32_2.0.0.202105311346/tools/bin/../lib/gcc/arm-none-eabi/9.3.1/thumb/v7-m/nofp/crtbegin.o
 *(.bss*)
 .bss.button0_flag
                0x0000000020000098        0x4 ./Core/Src/button.o
                0x0000000020000098                button0_flag
 .bss.button1_flag
                0x000000002000009c        0x4 ./Core/Src/button.o
                0x000000002000009c                button1_flag
 .bss.button2_flag
                0x00000000200000a0        0x4 ./Core/Src/button.o
                0x00000000200000a0                button2_flag
 .bss.button0_flag_hold
                0x00000000200000a4        0x4 ./Core/Src/button.o
                0x00000000200000a4                button0_flag_hold
 .bss.button1_flag_hold
                0x00000000200000a8        0x4 ./Core/Src/button.o
                0x00000000200000a8                button1_flag_hold
 .bss.button2_flag_hold
                0x00000000200000ac        0x4 ./Core/Src/button.o
                0x00000000200000ac                button2_flag_hold
 .bss.led_buffer0
                0x00000000200000b0        0x8 ./Core/Src/global.o
                0x00000000200000b0                led_buffer0
 .bss.led_buffer1
                0x00000000200000b8        0x8 ./Core/Src/global.o
                0x00000000200000b8                led_buffer1
 .bss.indexLed_0
                0x00000000200000c0        0x4 ./Core/Src/global.o
                0x00000000200000c0                indexLed_0
 .bss.indexLed_1
                0x00000000200000c4        0x4 ./Core/Src/global.o
                0x00000000200000c4                indexLed_1
 .bss.newTaskID
                0x00000000200000c8        0x4 ./Core/Src/scheduler.o
 .bss.timer_counter
                0x00000000200000cc       0x90 ./Core/Src/software_timer.o
                0x00000000200000cc                timer_counter
 .bss.timer_flag
                0x000000002000015c       0x90 ./Core/Src/software_timer.o
                0x000000002000015c                timer_flag
 *(COMMON)
 COMMON         0x00000000200001ec        0xc ./Core/Src/FSM_traffic_light.o
                0x00000000200001ec                modify_green_timer
                0x00000000200001f0                modify_red_timer
                0x00000000200001f4                modify_yellow_timer
 COMMON         0x00000000200001f8       0x48 ./Core/Src/main.o
                0x00000000200001f8                htim2
 COMMON         0x0000000020000240       0xa0 ./Core/Src/scheduler.o
                0x0000000020000240                SCH_task_G
 COMMON         0x00000000200002e0        0x4 ./Drivers/STM32F1xx_HAL_Driver/Src/stm32f1xx_hal.o
                0x00000000200002e0                uwTick
                0x00000000200002e4                . = ALIGN (0x4)
                0x00000000200002e4                _ebss = .
                0x00000000200002e4                __bss_end__ = _ebss

._user_heap_stack
                0x00000000200002e4      0x604 load address 0x0000000008003b78
                0x00000000200002e8                . = ALIGN (0x8)
 *fill*         0x00000000200002e4        0x4 
                [!provide]                        PROVIDE (end = .)
                0x00000000200002e8                PROVIDE (_end = .)
                0x00000000200004e8                . = (. + _Min_Heap_Size)
 *fill*         0x00000000200002e8      0x200 
                0x00000000200008e8                . = (. + _Min_Stack_Size)
 *fill*         0x00000000200004e8      0x400 
                0x00000000200008e8                . = ALIGN (0x8)

/DISCARD/
 libc.a(*)
 libm.a(*)
 libgcc.a(*)

.ARM.attributes
                0x0000000000000000       0x29
 *(.ARM.attributes)
 .ARM.attributes
                0x0000000000000000       0x1d d:/study app/stm32cubeide_1.7.0/stm32cubeide/plugins/com.st.stm32cube.ide.mcu.externaltools.gnu-tools-for-stm32.9-2020-q2-update.win32_2.0.0.202105311346/tools/bin/../lib/gcc/arm-none-eabi/9.3.1/thumb/v7-m/nofp/crti.o
 .ARM.attributes
                0x000000000000001d       0x2d d:/study app/stm32cubeide_1.7.0/stm32cubeide/plugins/com.st.stm32cube.ide.mcu.externaltools.gnu-tools-for-stm32.9-2020-q2-update.win32_2.0.0.202105311346/tools/bin/../lib/gcc/arm-none-eabi/9.3.1/thumb/v7-m/nofp/crtbegin.o
 .ARM.attributes
                0x000000000000004a       0x2d ./Core/Src/FSM_automatic.o
 .ARM.attributes
                0x0000000000000077       0x2d ./Core/Src/FSM_display7SEG.o
 .ARM.attributes
                0x00000000000000a4       0x2d ./Core/Src/FSM_traffic_light.o
 .ARM.attributes
                0x00000000000000d1       0x2d ./Core/Src/button.o
 .ARM.attributes
                0x00000000000000fe       0x2d ./Core/Src/display7SEG.o
 .ARM.attributes
                0x000000000000012b       0x33 ./Core/Src/global.o
 .ARM.attributes
                0x000000000000015e       0x2d ./Core/Src/main.o
 .ARM.attributes
                0x000000000000018b       0x2d ./Core/Src/scheduler.o
 .ARM.attributes
                0x00000000000001b8       0x2d ./Core/Src/software_timer.o
 .ARM.attributes
                0x00000000000001e5       0x2d ./Core/Src/stm32f1xx_hal_msp.o
 .ARM.attributes
                0x0000000000000212       0x2d ./Core/Src/stm32f1xx_it.o
 .ARM.attributes
                0x000000000000023f       0x2d ./Core/Src/system_stm32f1xx.o
 .ARM.attributes
                0x000000000000026c       0x2d ./Core/Src/traffic_light.o
 .ARM.attributes
                0x0000000000000299       0x21 ./Core/Startup/startup_stm32f103c6ux.o
 .ARM.attributes
                0x00000000000002ba       0x2d ./Drivers/STM32F1xx_HAL_Driver/Src/stm32f1xx_hal.o
 .ARM.attributes
                0x00000000000002e7       0x2d ./Drivers/STM32F1xx_HAL_Driver/Src/stm32f1xx_hal_cortex.o
 .ARM.attributes
                0x0000000000000314       0x2d ./Drivers/STM32F1xx_HAL_Driver/Src/stm32f1xx_hal_gpio.o
 .ARM.attributes
                0x0000000000000341       0x2d ./Drivers/STM32F1xx_HAL_Driver/Src/stm32f1xx_hal_rcc.o
 .ARM.attributes
                0x000000000000036e       0x2d ./Drivers/STM32F1xx_HAL_Driver/Src/stm32f1xx_hal_tim.o
 .ARM.attributes
                0x000000000000039b       0x2d ./Drivers/STM32F1xx_HAL_Driver/Src/stm32f1xx_hal_tim_ex.o
 .ARM.attributes
                0x00000000000003c8       0x2d d:/study app/stm32cubeide_1.7.0/stm32cubeide/plugins/com.st.stm32cube.ide.mcu.externaltools.gnu-tools-for-stm32.9-2020-q2-update.win32_2.0.0.202105311346/tools/bin/../lib/gcc/arm-none-eabi/9.3.1/../../../../arm-none-eabi/lib/thumb/v7-m/nofp\libc_nano.a(lib_a-init.o)
 .ARM.attributes
                0x00000000000003f5       0x2d d:/study app/stm32cubeide_1.7.0/stm32cubeide/plugins/com.st.stm32cube.ide.mcu.externaltools.gnu-tools-for-stm32.9-2020-q2-update.win32_2.0.0.202105311346/tools/bin/../lib/gcc/arm-none-eabi/9.3.1/../../../../arm-none-eabi/lib/thumb/v7-m/nofp\libc_nano.a(lib_a-memset.o)
 .ARM.attributes
                0x0000000000000422       0x1d d:/study app/stm32cubeide_1.7.0/stm32cubeide/plugins/com.st.stm32cube.ide.mcu.externaltools.gnu-tools-for-stm32.9-2020-q2-update.win32_2.0.0.202105311346/tools/bin/../lib/gcc/arm-none-eabi/9.3.1/thumb/v7-m/nofp/crtn.o
OUTPUT(LAB_3.elf elf32-littlearm)
LOAD linker stubs
LOAD d:/study app/stm32cubeide_1.7.0/stm32cubeide/plugins/com.st.stm32cube.ide.mcu.externaltools.gnu-tools-for-stm32.9-2020-q2-update.win32_2.0.0.202105311346/tools/bin/../lib/gcc/arm-none-eabi/9.3.1/../../../../arm-none-eabi/lib/thumb/v7-m/nofp\libc.a
LOAD d:/study app/stm32cubeide_1.7.0/stm32cubeide/plugins/com.st.stm32cube.ide.mcu.externaltools.gnu-tools-for-stm32.9-2020-q2-update.win32_2.0.0.202105311346/tools/bin/../lib/gcc/arm-none-eabi/9.3.1/../../../../arm-none-eabi/lib/thumb/v7-m/nofp\libm.a
LOAD d:/study app/stm32cubeide_1.7.0/stm32cubeide/plugins/com.st.stm32cube.ide.mcu.externaltools.gnu-tools-for-stm32.9-2020-q2-update.win32_2.0.0.202105311346/tools/bin/../lib/gcc/arm-none-eabi/9.3.1/thumb/v7-m/nofp\libgcc.a

.debug_info     0x0000000000000000     0xa45e
 .debug_info    0x0000000000000000      0x33e ./Core/Src/FSM_automatic.o
 .debug_info    0x000000000000033e      0x348 ./Core/Src/FSM_display7SEG.o
 .debug_info    0x0000000000000686      0x344 ./Core/Src/FSM_traffic_light.o
 .debug_info    0x00000000000009ca      0x400 ./Core/Src/button.o
 .debug_info    0x0000000000000dca      0x449 ./Core/Src/display7SEG.o
 .debug_info    0x0000000000001213      0x3e0 ./Core/Src/global.o
 .debug_info    0x00000000000015f3      0xd66 ./Core/Src/main.o
 .debug_info    0x0000000000002359      0x296 ./Core/Src/scheduler.o
 .debug_info    0x00000000000025ef      0x23f ./Core/Src/software_timer.o
 .debug_info    0x000000000000282e      0xa09 ./Core/Src/stm32f1xx_hal_msp.o
 .debug_info    0x0000000000003237      0x7b9 ./Core/Src/stm32f1xx_it.o
 .debug_info    0x00000000000039f0      0x2be ./Core/Src/system_stm32f1xx.o
 .debug_info    0x0000000000003cae      0x33f ./Core/Src/traffic_light.o
 .debug_info    0x0000000000003fed       0x22 ./Core/Startup/startup_stm32f103c6ux.o
 .debug_info    0x000000000000400f      0x74c ./Drivers/STM32F1xx_HAL_Driver/Src/stm32f1xx_hal.o
 .debug_info    0x000000000000475b      0xbbe ./Drivers/STM32F1xx_HAL_Driver/Src/stm32f1xx_hal_cortex.o
 .debug_info    0x0000000000005319      0x701 ./Drivers/STM32F1xx_HAL_Driver/Src/stm32f1xx_hal_gpio.o
 .debug_info    0x0000000000005a1a      0x893 ./Drivers/STM32F1xx_HAL_Driver/Src/stm32f1xx_hal_rcc.o
 .debug_info    0x00000000000062ad     0x2c32 ./Drivers/STM32F1xx_HAL_Driver/Src/stm32f1xx_hal_tim.o
 .debug_info    0x0000000000008edf     0x157f ./Drivers/STM32F1xx_HAL_Driver/Src/stm32f1xx_hal_tim_ex.o

.debug_abbrev   0x0000000000000000     0x1e12
 .debug_abbrev  0x0000000000000000       0xb6 ./Core/Src/FSM_automatic.o
 .debug_abbrev  0x00000000000000b6       0xc5 ./Core/Src/FSM_display7SEG.o
 .debug_abbrev  0x000000000000017b       0xc5 ./Core/Src/FSM_traffic_light.o
 .debug_abbrev  0x0000000000000240      0x13f ./Core/Src/button.o
 .debug_abbrev  0x000000000000037f      0x13f ./Core/Src/display7SEG.o
 .debug_abbrev  0x00000000000004be       0xa9 ./Core/Src/global.o
 .debug_abbrev  0x0000000000000567      0x260 ./Core/Src/main.o
 .debug_abbrev  0x00000000000007c7      0x181 ./Core/Src/scheduler.o
 .debug_abbrev  0x0000000000000948      0x11f ./Core/Src/software_timer.o
 .debug_abbrev  0x0000000000000a67      0x1b7 ./Core/Src/stm32f1xx_hal_msp.o
 .debug_abbrev  0x0000000000000c1e      0x176 ./Core/Src/stm32f1xx_it.o
 .debug_abbrev  0x0000000000000d94      0x14e ./Core/Src/system_stm32f1xx.o
 .debug_abbrev  0x0000000000000ee2       0xff ./Core/Src/traffic_light.o
 .debug_abbrev  0x0000000000000fe1       0x12 ./Core/Startup/startup_stm32f103c6ux.o
 .debug_abbrev  0x0000000000000ff3      0x1ed ./Drivers/STM32F1xx_HAL_Driver/Src/stm32f1xx_hal.o
 .debug_abbrev  0x00000000000011e0      0x313 ./Drivers/STM32F1xx_HAL_Driver/Src/stm32f1xx_hal_cortex.o
 .debug_abbrev  0x00000000000014f3      0x1e8 ./Drivers/STM32F1xx_HAL_Driver/Src/stm32f1xx_hal_gpio.o
 .debug_abbrev  0x00000000000016db      0x273 ./Drivers/STM32F1xx_HAL_Driver/Src/stm32f1xx_hal_rcc.o
 .debug_abbrev  0x000000000000194e      0x25e ./Drivers/STM32F1xx_HAL_Driver/Src/stm32f1xx_hal_tim.o
 .debug_abbrev  0x0000000000001bac      0x266 ./Drivers/STM32F1xx_HAL_Driver/Src/stm32f1xx_hal_tim_ex.o

.debug_aranges  0x0000000000000000      0xb70
 .debug_aranges
                0x0000000000000000       0x30 ./Core/Src/FSM_automatic.o
 .debug_aranges
                0x0000000000000030       0x28 ./Core/Src/FSM_display7SEG.o
 .debug_aranges
                0x0000000000000058       0x20 ./Core/Src/FSM_traffic_light.o
 .debug_aranges
                0x0000000000000078       0x60 ./Core/Src/button.o
 .debug_aranges
                0x00000000000000d8       0x38 ./Core/Src/display7SEG.o
 .debug_aranges
                0x0000000000000110       0x18 ./Core/Src/global.o
 .debug_aranges
                0x0000000000000128       0x68 ./Core/Src/main.o
 .debug_aranges
                0x0000000000000190       0x48 ./Core/Src/scheduler.o
 .debug_aranges
                0x00000000000001d8       0x30 ./Core/Src/software_timer.o
 .debug_aranges
                0x0000000000000208       0x30 ./Core/Src/stm32f1xx_hal_msp.o
 .debug_aranges
                0x0000000000000238       0x68 ./Core/Src/stm32f1xx_it.o
 .debug_aranges
                0x00000000000002a0       0x28 ./Core/Src/system_stm32f1xx.o
 .debug_aranges
                0x00000000000002c8       0x80 ./Core/Src/traffic_light.o
 .debug_aranges
                0x0000000000000348       0x28 ./Core/Startup/startup_stm32f103c6ux.o
 .debug_aranges
                0x0000000000000370       0xe0 ./Drivers/STM32F1xx_HAL_Driver/Src/stm32f1xx_hal.o
 .debug_aranges
                0x0000000000000450      0x100 ./Drivers/STM32F1xx_HAL_Driver/Src/stm32f1xx_hal_cortex.o
 .debug_aranges
                0x0000000000000550       0x58 ./Drivers/STM32F1xx_HAL_Driver/Src/stm32f1xx_hal_gpio.o
 .debug_aranges
                0x00000000000005a8       0x90 ./Drivers/STM32F1xx_HAL_Driver/Src/stm32f1xx_hal_rcc.o
 .debug_aranges
                0x0000000000000638      0x3d0 ./Drivers/STM32F1xx_HAL_Driver/Src/stm32f1xx_hal_tim.o
 .debug_aranges
                0x0000000000000a08      0x168 ./Drivers/STM32F1xx_HAL_Driver/Src/stm32f1xx_hal_tim_ex.o

.debug_ranges   0x0000000000000000      0xa30
 .debug_ranges  0x0000000000000000       0x20 ./Core/Src/FSM_automatic.o
 .debug_ranges  0x0000000000000020       0x18 ./Core/Src/FSM_display7SEG.o
 .debug_ranges  0x0000000000000038       0x10 ./Core/Src/FSM_traffic_light.o
 .debug_ranges  0x0000000000000048       0x50 ./Core/Src/button.o
 .debug_ranges  0x0000000000000098       0x28 ./Core/Src/display7SEG.o
 .debug_ranges  0x00000000000000c0       0x58 ./Core/Src/main.o
 .debug_ranges  0x0000000000000118       0x38 ./Core/Src/scheduler.o
 .debug_ranges  0x0000000000000150       0x20 ./Core/Src/software_timer.o
 .debug_ranges  0x0000000000000170       0x20 ./Core/Src/stm32f1xx_hal_msp.o
 .debug_ranges  0x0000000000000190       0x58 ./Core/Src/stm32f1xx_it.o
 .debug_ranges  0x00000000000001e8       0x18 ./Core/Src/system_stm32f1xx.o
 .debug_ranges  0x0000000000000200       0x70 ./Core/Src/traffic_light.o
 .debug_ranges  0x0000000000000270       0x20 ./Core/Startup/startup_stm32f103c6ux.o
 .debug_ranges  0x0000000000000290       0xd0 ./Drivers/STM32F1xx_HAL_Driver/Src/stm32f1xx_hal.o
 .debug_ranges  0x0000000000000360       0xf0 ./Drivers/STM32F1xx_HAL_Driver/Src/stm32f1xx_hal_cortex.o
 .debug_ranges  0x0000000000000450       0x48 ./Drivers/STM32F1xx_HAL_Driver/Src/stm32f1xx_hal_gpio.o
 .debug_ranges  0x0000000000000498       0x80 ./Drivers/STM32F1xx_HAL_Driver/Src/stm32f1xx_hal_rcc.o
 .debug_ranges  0x0000000000000518      0x3c0 ./Drivers/STM32F1xx_HAL_Driver/Src/stm32f1xx_hal_tim.o
 .debug_ranges  0x00000000000008d8      0x158 ./Drivers/STM32F1xx_HAL_Driver/Src/stm32f1xx_hal_tim_ex.o

.debug_macro    0x0000000000000000    0x17452
 .debug_macro   0x0000000000000000      0x201 ./Core/Src/FSM_automatic.o
 .debug_macro   0x0000000000000201      0xa9c ./Core/Src/FSM_automatic.o
 .debug_macro   0x0000000000000c9d      0x215 ./Core/Src/FSM_automatic.o
 .debug_macro   0x0000000000000eb2       0x2e ./Core/Src/FSM_automatic.o
 .debug_macro   0x0000000000000ee0       0x22 ./Core/Src/FSM_automatic.o
 .debug_macro   0x0000000000000f02       0x22 ./Core/Src/FSM_automatic.o
 .debug_macro   0x0000000000000f24       0x8e ./Core/Src/FSM_automatic.o
 .debug_macro   0x0000000000000fb2       0x51 ./Core/Src/FSM_automatic.o
 .debug_macro   0x0000000000001003      0x103 ./Core/Src/FSM_automatic.o
 .debug_macro   0x0000000000001106       0x6a ./Core/Src/FSM_automatic.o
 .debug_macro   0x0000000000001170      0x1df ./Core/Src/FSM_automatic.o
 .debug_macro   0x000000000000134f       0x1c ./Core/Src/FSM_automatic.o
 .debug_macro   0x000000000000136b       0x22 ./Core/Src/FSM_automatic.o
 .debug_macro   0x000000000000138d       0xc3 ./Core/Src/FSM_automatic.o
 .debug_macro   0x0000000000001450      0xd23 ./Core/Src/FSM_automatic.o
 .debug_macro   0x0000000000002173     0xde75 ./Core/Src/FSM_automatic.o
 .debug_macro   0x000000000000ffe8       0x6d ./Core/Src/FSM_automatic.o
 .debug_macro   0x0000000000010055     0x34a2 ./Core/Src/FSM_automatic.o
 .debug_macro   0x00000000000134f7      0x174 ./Core/Src/FSM_automatic.o
 .debug_macro   0x000000000001366b       0x5c ./Core/Src/FSM_automatic.o
 .debug_macro   0x00000000000136c7      0x5bc ./Core/Src/FSM_automatic.o
 .debug_macro   0x0000000000013c83      0x1b7 ./Core/Src/FSM_automatic.o
 .debug_macro   0x0000000000013e3a      0x1cb ./Core/Src/FSM_automatic.o
 .debug_macro   0x0000000000014005      0x114 ./Core/Src/FSM_automatic.o
 .debug_macro   0x0000000000014119      0x1b2 ./Core/Src/FSM_automatic.o
 .debug_macro   0x00000000000142cb       0x27 ./Core/Src/FSM_automatic.o
 .debug_macro   0x00000000000142f2      0x12f ./Core/Src/FSM_automatic.o
 .debug_macro   0x0000000000014421      0x1bc ./Core/Src/FSM_automatic.o
 .debug_macro   0x00000000000145dd       0x34 ./Core/Src/FSM_automatic.o
 .debug_macro   0x0000000000014611       0x3c ./Core/Src/FSM_automatic.o
 .debug_macro   0x000000000001464d       0x57 ./Core/Src/FSM_automatic.o
 .debug_macro   0x00000000000146a4       0x87 ./Core/Src/FSM_automatic.o
 .debug_macro   0x000000000001472b      0x183 ./Core/Src/FSM_automatic.o
 .debug_macro   0x00000000000148ae      0x140 ./Core/Src/FSM_automatic.o
 .debug_macro   0x00000000000149ee      0x8ed ./Core/Src/FSM_automatic.o
 .debug_macro   0x00000000000152db       0x69 ./Core/Src/FSM_automatic.o
 .debug_macro   0x0000000000015344      0x160 ./Core/Src/FSM_automatic.o
 .debug_macro   0x00000000000154a4       0x10 ./Core/Src/FSM_automatic.o
 .debug_macro   0x00000000000154b4       0x16 ./Core/Src/FSM_automatic.o
 .debug_macro   0x00000000000154ca       0x6a ./Core/Src/FSM_automatic.o
 .debug_macro   0x0000000000015534      0x205 ./Core/Src/FSM_display7SEG.o
 .debug_macro   0x0000000000015739      0x209 ./Core/Src/FSM_traffic_light.o
 .debug_macro   0x0000000000015942      0x1b5 ./Core/Src/button.o
 .debug_macro   0x0000000000015af7       0x10 ./Core/Src/button.o
 .debug_macro   0x0000000000015b07      0x201 ./Core/Src/display7SEG.o
 .debug_macro   0x0000000000015d08      0x1fd ./Core/Src/global.o
 .debug_macro   0x0000000000015f05      0x23a ./Core/Src/main.o
 .debug_macro   0x000000000001613f       0x10 ./Core/Src/main.o
 .debug_macro   0x000000000001614f       0x7b ./Core/Src/scheduler.o
 .debug_macro   0x00000000000161ca      0x1b6 ./Core/Src/software_timer.o
 .debug_macro   0x0000000000016380      0x1a6 ./Core/Src/stm32f1xx_hal_msp.o
 .debug_macro   0x0000000000016526      0x1b0 ./Core/Src/stm32f1xx_it.o
 .debug_macro   0x00000000000166d6      0x197 ./Core/Src/system_stm32f1xx.o
 .debug_macro   0x000000000001686d      0x1b9 ./Core/Src/traffic_light.o
 .debug_macro   0x0000000000016a26      0x1bb ./Drivers/STM32F1xx_HAL_Driver/Src/stm32f1xx_hal.o
 .debug_macro   0x0000000000016be1      0x197 ./Drivers/STM32F1xx_HAL_Driver/Src/stm32f1xx_hal_cortex.o
 .debug_macro   0x0000000000016d78      0x202 ./Drivers/STM32F1xx_HAL_Driver/Src/stm32f1xx_hal_gpio.o
 .debug_macro   0x0000000000016f7a      0x1a9 ./Drivers/STM32F1xx_HAL_Driver/Src/stm32f1xx_hal_rcc.o
 .debug_macro   0x0000000000017123      0x198 ./Drivers/STM32F1xx_HAL_Driver/Src/stm32f1xx_hal_tim.o
 .debug_macro   0x00000000000172bb      0x197 ./Drivers/STM32F1xx_HAL_Driver/Src/stm32f1xx_hal_tim_ex.o

.debug_line     0x0000000000000000     0xdc3e
 .debug_line    0x0000000000000000      0x8f3 ./Core/Src/FSM_automatic.o
 .debug_line    0x00000000000008f3      0x877 ./Core/Src/FSM_display7SEG.o
 .debug_line    0x000000000000116a      0x82e ./Core/Src/FSM_traffic_light.o
 .debug_line    0x0000000000001998      0x8bf ./Core/Src/button.o
 .debug_line    0x0000000000002257      0x80e ./Core/Src/display7SEG.o
 .debug_line    0x0000000000002a65      0x6ec ./Core/Src/global.o
 .debug_line    0x0000000000003151      0x8ac ./Core/Src/main.o
 .debug_line    0x00000000000039fd      0x70a ./Core/Src/scheduler.o
 .debug_line    0x0000000000004107      0x6de ./Core/Src/software_timer.o
 .debug_line    0x00000000000047e5      0x6bd ./Core/Src/stm32f1xx_hal_msp.o
 .debug_line    0x0000000000004ea2      0x75b ./Core/Src/stm32f1xx_it.o
 .debug_line    0x00000000000055fd      0x6ff ./Core/Src/system_stm32f1xx.o
 .debug_line    0x0000000000005cfc      0x7d6 ./Core/Src/traffic_light.o
 .debug_line    0x00000000000064d2       0x86 ./Core/Startup/startup_stm32f103c6ux.o
 .debug_line    0x0000000000006558      0x92c ./Drivers/STM32F1xx_HAL_Driver/Src/stm32f1xx_hal.o
 .debug_line    0x0000000000006e84      0xb14 ./Drivers/STM32F1xx_HAL_Driver/Src/stm32f1xx_hal_cortex.o
 .debug_line    0x0000000000007998      0x9af ./Drivers/STM32F1xx_HAL_Driver/Src/stm32f1xx_hal_gpio.o
 .debug_line    0x0000000000008347      0xd38 ./Drivers/STM32F1xx_HAL_Driver/Src/stm32f1xx_hal_rcc.o
 .debug_line    0x000000000000907f     0x337d ./Drivers/STM32F1xx_HAL_Driver/Src/stm32f1xx_hal_tim.o
 .debug_line    0x000000000000c3fc     0x1842 ./Drivers/STM32F1xx_HAL_Driver/Src/stm32f1xx_hal_tim_ex.o

.debug_str      0x0000000000000000    0x829c1
 .debug_str     0x0000000000000000    0x7fc0e ./Core/Src/FSM_automatic.o
                                      0x7ff87 (size before relaxing)
 .debug_str     0x000000000007fc0e       0x42 ./Core/Src/FSM_display7SEG.o
                                      0x7ff73 (size before relaxing)
 .debug_str     0x000000000007fc50       0x33 ./Core/Src/FSM_traffic_light.o
                                      0x7ff64 (size before relaxing)
 .debug_str     0x000000000007fc83      0x129 ./Core/Src/button.o
                                      0x7fdd1 (size before relaxing)
 .debug_str     0x000000000007fdac       0x3a ./Core/Src/display7SEG.o
                                      0x7ffb8 (size before relaxing)
 .debug_str     0x000000000007fde6       0x15 ./Core/Src/global.o
                                      0x7ff46 (size before relaxing)
 .debug_str     0x000000000007fdfb      0x75c ./Core/Src/main.o
                                      0x80784 (size before relaxing)
 .debug_str     0x0000000000080557       0xf2 ./Core/Src/scheduler.o
                                       0x40d0 (size before relaxing)
 .debug_str     0x0000000000080649       0x52 ./Core/Src/software_timer.o
                                      0x7fc5c (size before relaxing)
 .debug_str     0x000000000008069b      0x2ba ./Core/Src/stm32f1xx_hal_msp.o
                                      0x803f4 (size before relaxing)
 .debug_str     0x0000000000080955       0xcd ./Core/Src/stm32f1xx_it.o
                                      0x80156 (size before relaxing)
 .debug_str     0x0000000000080a22       0x52 ./Core/Src/system_stm32f1xx.o
                                      0x7f765 (size before relaxing)
 .debug_str     0x0000000000080a74       0xd4 ./Core/Src/traffic_light.o
                                      0x7fd1f (size before relaxing)
 .debug_str     0x0000000000080b48       0x36 ./Core/Startup/startup_stm32f103c6ux.o
                                         0x59 (size before relaxing)
 .debug_str     0x0000000000080b7e      0x304 ./Drivers/STM32F1xx_HAL_Driver/Src/stm32f1xx_hal.o
                                      0x7fdbc (size before relaxing)
 .debug_str     0x0000000000080e82      0x300 ./Drivers/STM32F1xx_HAL_Driver/Src/stm32f1xx_hal_cortex.o
                                      0x7fdc4 (size before relaxing)
 .debug_str     0x0000000000081182      0x324 ./Drivers/STM32F1xx_HAL_Driver/Src/stm32f1xx_hal_gpio.o
                                      0x7fb29 (size before relaxing)
 .debug_str     0x00000000000814a6      0x24f ./Drivers/STM32F1xx_HAL_Driver/Src/stm32f1xx_hal_rcc.o
                                      0x7fb62 (size before relaxing)
 .debug_str     0x00000000000816f5      0xdde ./Drivers/STM32F1xx_HAL_Driver/Src/stm32f1xx_hal_tim.o
                                      0x80b4b (size before relaxing)
 .debug_str     0x00000000000824d3      0x4ee ./Drivers/STM32F1xx_HAL_Driver/Src/stm32f1xx_hal_tim_ex.o
                                      0x802ec (size before relaxing)

.comment        0x0000000000000000       0x53
 .comment       0x0000000000000000       0x53 ./Core/Src/FSM_automatic.o
                                         0x54 (size before relaxing)
 .comment       0x0000000000000053       0x54 ./Core/Src/FSM_display7SEG.o
 .comment       0x0000000000000053       0x54 ./Core/Src/FSM_traffic_light.o
 .comment       0x0000000000000053       0x54 ./Core/Src/button.o
 .comment       0x0000000000000053       0x54 ./Core/Src/display7SEG.o
 .comment       0x0000000000000053       0x54 ./Core/Src/global.o
 .comment       0x0000000000000053       0x54 ./Core/Src/main.o
 .comment       0x0000000000000053       0x54 ./Core/Src/scheduler.o
 .comment       0x0000000000000053       0x54 ./Core/Src/software_timer.o
 .comment       0x0000000000000053       0x54 ./Core/Src/stm32f1xx_hal_msp.o
 .comment       0x0000000000000053       0x54 ./Core/Src/stm32f1xx_it.o
 .comment       0x0000000000000053       0x54 ./Core/Src/system_stm32f1xx.o
 .comment       0x0000000000000053       0x54 ./Core/Src/traffic_light.o
 .comment       0x0000000000000053       0x54 ./Drivers/STM32F1xx_HAL_Driver/Src/stm32f1xx_hal.o
 .comment       0x0000000000000053       0x54 ./Drivers/STM32F1xx_HAL_Driver/Src/stm32f1xx_hal_cortex.o
 .comment       0x0000000000000053       0x54 ./Drivers/STM32F1xx_HAL_Driver/Src/stm32f1xx_hal_gpio.o
 .comment       0x0000000000000053       0x54 ./Drivers/STM32F1xx_HAL_Driver/Src/stm32f1xx_hal_rcc.o
 .comment       0x0000000000000053       0x54 ./Drivers/STM32F1xx_HAL_Driver/Src/stm32f1xx_hal_tim.o
 .comment       0x0000000000000053       0x54 ./Drivers/STM32F1xx_HAL_Driver/Src/stm32f1xx_hal_tim_ex.o

.debug_frame    0x0000000000000000     0x2bc0
 .debug_frame   0x0000000000000000       0x64 ./Core/Src/FSM_automatic.o
 .debug_frame   0x0000000000000064       0x48 ./Core/Src/FSM_display7SEG.o
 .debug_frame   0x00000000000000ac       0x2c ./Core/Src/FSM_traffic_light.o
 .debug_frame   0x00000000000000d8      0x124 ./Core/Src/button.o
 .debug_frame   0x00000000000001fc       0xa8 ./Core/Src/display7SEG.o
 .debug_frame   0x00000000000002a4      0x144 ./Core/Src/main.o
 .debug_frame   0x00000000000003e8       0xf0 ./Core/Src/scheduler.o
 .debug_frame   0x00000000000004d8       0x7c ./Core/Src/software_timer.o
 .debug_frame   0x0000000000000554       0x80 ./Core/Src/stm32f1xx_hal_msp.o
 .debug_frame   0x00000000000005d4      0x120 ./Core/Src/stm32f1xx_it.o
 .debug_frame   0x00000000000006f4       0x58 ./Core/Src/system_stm32f1xx.o
 .debug_frame   0x000000000000074c      0x17c ./Core/Src/traffic_light.o
 .debug_frame   0x00000000000008c8      0x334 ./Drivers/STM32F1xx_HAL_Driver/Src/stm32f1xx_hal.o
 .debug_frame   0x0000000000000bfc      0x428 ./Drivers/STM32F1xx_HAL_Driver/Src/stm32f1xx_hal_cortex.o
 .debug_frame   0x0000000000001024      0x14c ./Drivers/STM32F1xx_HAL_Driver/Src/stm32f1xx_hal_gpio.o
 .debug_frame   0x0000000000001170      0x218 ./Drivers/STM32F1xx_HAL_Driver/Src/stm32f1xx_hal_rcc.o
 .debug_frame   0x0000000000001388     0x11b4 ./Drivers/STM32F1xx_HAL_Driver/Src/stm32f1xx_hal_tim.o
 .debug_frame   0x000000000000253c      0x638 ./Drivers/STM32F1xx_HAL_Driver/Src/stm32f1xx_hal_tim_ex.o
 .debug_frame   0x0000000000002b74       0x2c d:/study app/stm32cubeide_1.7.0/stm32cubeide/plugins/com.st.stm32cube.ide.mcu.externaltools.gnu-tools-for-stm32.9-2020-q2-update.win32_2.0.0.202105311346/tools/bin/../lib/gcc/arm-none-eabi/9.3.1/../../../../arm-none-eabi/lib/thumb/v7-m/nofp\libc_nano.a(lib_a-init.o)
 .debug_frame   0x0000000000002ba0       0x20 d:/study app/stm32cubeide_1.7.0/stm32cubeide/plugins/com.st.stm32cube.ide.mcu.externaltools.gnu-tools-for-stm32.9-2020-q2-update.win32_2.0.0.202105311346/tools/bin/../lib/gcc/arm-none-eabi/9.3.1/../../../../arm-none-eabi/lib/thumb/v7-m/nofp\libc_nano.a(lib_a-memset.o)
