main.c:67:6:Task_getKeyInput	8	static
main.c:72:6:Task_TrafficLight_controller	8	static
main.c:76:6:Task_Display7SEG	8	static
main.c:80:6:Task_LedRedBlinky	8	static
main.c:83:6:Task_LedPinkBlinky	8	static
main.c:86:6:Task_LedBlueBlinky	8	static
main.c:89:6:Task_LedOrangeBlinky	8	static
main.c:98:5:main	8	static
main.c:183:6:SystemClock_Config	72	static
main.c:219:13:MX_TIM2_Init	32	static
main.c:264:13:MX_GPIO_Init	32	static
main.c:316:6:HAL_TIM_PeriodElapsedCallback	16	static
main.c:329:6:Error_Handler	4	static,ignoring_inline_asm
